Windows clean-clone migration and seed	Set up job	﻿2026-08-10T17:04:48.4729277Z Current runner version: '2.336.0'
Windows clean-clone migration and seed	Set up job	2026-08-10T17:04:48.4778477Z ##[group]Runner Image Provisioner
Windows clean-clone migration and seed	Set up job	2026-08-10T17:04:48.4779375Z Hosted Compute Agent
Windows clean-clone migration and seed	Set up job	2026-08-10T17:04:48.4779924Z Version: 20260729.566
Windows clean-clone migration and seed	Set up job	2026-08-10T17:04:48.4780511Z Commit: cf7153fe6e25b664e8693c24944bf2b00355d109
Windows clean-clone migration and seed	Set up job	2026-08-10T17:04:48.4781561Z Build Date: 2026-07-29T19:17:02Z
Windows clean-clone migration and seed	Set up job	2026-08-10T17:04:48.4782198Z Worker ID: {985235f3-5960-46d8-9ea3-33b586e2bc0e}
Windows clean-clone migration and seed	Set up job	2026-08-10T17:04:48.4782863Z Azure Region: westus
Windows clean-clone migration and seed	Set up job	2026-08-10T17:04:48.4783409Z ##[endgroup]
Windows clean-clone migration and seed	Set up job	2026-08-10T17:04:48.4785401Z ##[group]Operating System
Windows clean-clone migration and seed	Set up job	2026-08-10T17:04:48.4786104Z Microsoft Windows Server 2025
Windows clean-clone migration and seed	Set up job	2026-08-10T17:04:48.4786681Z 10.0.26100
Windows clean-clone migration and seed	Set up job	2026-08-10T17:04:48.4787143Z Datacenter
Windows clean-clone migration and seed	Set up job	2026-08-10T17:04:48.4787630Z ##[endgroup]
Windows clean-clone migration and seed	Set up job	2026-08-10T17:04:48.4788100Z ##[group]Runner Image
Windows clean-clone migration and seed	Set up job	2026-08-10T17:04:48.4788629Z Image: windows-2025-vs2026
Windows clean-clone migration and seed	Set up job	2026-08-10T17:04:48.4789178Z Version: 20260803.193.1
Windows clean-clone migration and seed	Set up job	2026-08-10T17:04:48.4790287Z Included Software: https://github.com/actions/runner-images/blob/win25-vs2026/20260803.193/images/windows/Windows2025-VS2026-Readme.md
Windows clean-clone migration and seed	Set up job	2026-08-10T17:04:48.4792272Z Image Release: https://github.com/actions/runner-images/releases/tag/win25-vs2026%2F20260803.193
Windows clean-clone migration and seed	Set up job	2026-08-10T17:04:48.4793225Z ##[endgroup]
Windows clean-clone migration and seed	Set up job	2026-08-10T17:04:48.4794311Z ##[group]GITHUB_TOKEN Permissions
Windows clean-clone migration and seed	Set up job	2026-08-10T17:04:48.4796293Z Contents: read
Windows clean-clone migration and seed	Set up job	2026-08-10T17:04:48.4796865Z Metadata: read
Windows clean-clone migration and seed	Set up job	2026-08-10T17:04:48.4797347Z Statuses: write
Windows clean-clone migration and seed	Set up job	2026-08-10T17:04:48.4797921Z ##[endgroup]
Windows clean-clone migration and seed	Set up job	2026-08-10T17:04:48.4799941Z Secret source: Actions
Windows clean-clone migration and seed	Set up job	2026-08-10T17:04:48.4800892Z Prepare workflow directory
Windows clean-clone migration and seed	Set up job	2026-08-10T17:04:48.5177359Z Prepare all required actions
Windows clean-clone migration and seed	Set up job	2026-08-10T17:04:48.5227019Z Getting action download info
Windows clean-clone migration and seed	Set up job	2026-08-10T17:04:48.8728098Z Download action repository 'actions/github-script@v7' (SHA:f28e40c7f34bde8b3046d885e986cb6290c5673b)
Windows clean-clone migration and seed	Set up job	2026-08-10T17:04:49.2457372Z Download action repository 'actions/checkout@v4' (SHA:11d5960a326750d5838078e36cf38b85af677262)
Windows clean-clone migration and seed	Set up job	2026-08-10T17:04:49.3480156Z Download action repository 'pnpm/action-setup@v4' (SHA:b906affcce14559ad1aafd4ab0e942779e9f58b1)
Windows clean-clone migration and seed	Set up job	2026-08-10T17:04:49.7370383Z Download action repository 'actions/setup-node@v4' (SHA:49933ea5288caeca8642d1e84afbd3f7d6820020)
Windows clean-clone migration and seed	Set up job	2026-08-10T17:04:49.9077557Z Download action repository 'actions/upload-artifact@v4' (SHA:ea165f8d65b6e75b540449e92b4886f43607fa02)
Windows clean-clone migration and seed	Set up job	2026-08-10T17:04:50.2829404Z Complete job name: Windows clean-clone migration and seed
Windows clean-clone migration and seed	Publish exact run locator	﻿2026-08-10T17:04:50.4680661Z Node 20 is being deprecated. This workflow is running with Node 24 by default. If you need to temporarily use Node 20, you can set the ACTIONS_ALLOW_USE_UNSECURE_NODE_VERSION=true environment variable. For more information see: https://github.blog/changelog/2025-09-19-deprecation-of-node-20-on-github-actions-runners/
Windows clean-clone migration and seed	Publish exact run locator	2026-08-10T17:04:50.4691736Z ##[group]Run actions/github-script@v7
Windows clean-clone migration and seed	Publish exact run locator	2026-08-10T17:04:50.4692897Z with:
Windows clean-clone migration and seed	Publish exact run locator	2026-08-10T17:04:50.4697121Z   script: await github.rest.repos.createCommitStatus({
Windows clean-clone migration and seed	Publish exact run locator	  owner: context.repo.owner,
Windows clean-clone migration and seed	Publish exact run locator	  repo: context.repo.repo,
Windows clean-clone migration and seed	Publish exact run locator	  sha: context.sha,
Windows clean-clone migration and seed	Publish exact run locator	  state: "pending",
Windows clean-clone migration and seed	Publish exact run locator	  context: "b0/windows-seed",
Windows clean-clone migration and seed	Publish exact run locator	  description: `Windows clean-clone seed running in ${context.runId}`,
Windows clean-clone migration and seed	Publish exact run locator	  target_url: `${context.serverUrl}/${context.repo.owner}/${context.repo.repo}/actions/runs/${context.runId}`
Windows clean-clone migration and seed	Publish exact run locator	});
Windows clean-clone migration and seed	Publish exact run locator	
Windows clean-clone migration and seed	Publish exact run locator	2026-08-10T17:04:50.4708753Z   github-token: ***
Windows clean-clone migration and seed	Publish exact run locator	2026-08-10T17:04:50.4709518Z   debug: false
Windows clean-clone migration and seed	Publish exact run locator	2026-08-10T17:04:50.4710267Z   user-agent: actions/github-script
Windows clean-clone migration and seed	Publish exact run locator	2026-08-10T17:04:50.4711177Z   result-encoding: json
Windows clean-clone migration and seed	Publish exact run locator	2026-08-10T17:04:50.4711978Z   retries: 0
Windows clean-clone migration and seed	Publish exact run locator	2026-08-10T17:04:50.4712767Z   retry-exempt-status-codes: 400,401,403,404,422
Windows clean-clone migration and seed	Publish exact run locator	2026-08-10T17:04:50.4714070Z ##[endgroup]
Windows clean-clone migration and seed	Run actions/checkout@v4	﻿2026-08-10T17:04:51.5420162Z Node 20 is being deprecated. This workflow is running with Node 24 by default. If you need to temporarily use Node 20, you can set the ACTIONS_ALLOW_USE_UNSECURE_NODE_VERSION=true environment variable. For more information see: https://github.blog/changelog/2025-09-19-deprecation-of-node-20-on-github-actions-runners/
Windows clean-clone migration and seed	Run actions/checkout@v4	2026-08-10T17:04:51.5425380Z ##[group]Run actions/checkout@v4
Windows clean-clone migration and seed	Run actions/checkout@v4	2026-08-10T17:04:51.5427914Z with:
Windows clean-clone migration and seed	Run actions/checkout@v4	2026-08-10T17:04:51.5428684Z   ref: cade9ffd2682b6e4f2476dd5d912389383a7b958
Windows clean-clone migration and seed	Run actions/checkout@v4	2026-08-10T17:04:51.5429682Z   fetch-depth: 1
Windows clean-clone migration and seed	Run actions/checkout@v4	2026-08-10T17:04:51.5430457Z   repository: forwardFish/aiStoryRoom
Windows clean-clone migration and seed	Run actions/checkout@v4	2026-08-10T17:04:51.5438279Z   token: ***
Windows clean-clone migration and seed	Run actions/checkout@v4	2026-08-10T17:04:51.5439038Z   ssh-strict: true
Windows clean-clone migration and seed	Run actions/checkout@v4	2026-08-10T17:04:51.5439761Z   ssh-user: git
Windows clean-clone migration and seed	Run actions/checkout@v4	2026-08-10T17:04:51.5440495Z   persist-credentials: true
Windows clean-clone migration and seed	Run actions/checkout@v4	2026-08-10T17:04:51.5441310Z   clean: true
Windows clean-clone migration and seed	Run actions/checkout@v4	2026-08-10T17:04:51.5442267Z   sparse-checkout-cone-mode: true
Windows clean-clone migration and seed	Run actions/checkout@v4	2026-08-10T17:04:51.5443352Z   fetch-tags: false
Windows clean-clone migration and seed	Run actions/checkout@v4	2026-08-10T17:04:51.5444119Z   show-progress: true
Windows clean-clone migration and seed	Run actions/checkout@v4	2026-08-10T17:04:51.5444901Z   lfs: false
Windows clean-clone migration and seed	Run actions/checkout@v4	2026-08-10T17:04:51.5445575Z   submodules: false
Windows clean-clone migration and seed	Run actions/checkout@v4	2026-08-10T17:04:51.5446326Z   set-safe-directory: true
Windows clean-clone migration and seed	Run actions/checkout@v4	2026-08-10T17:04:51.5447180Z   allow-unsafe-pr-checkout: false
Windows clean-clone migration and seed	Run actions/checkout@v4	2026-08-10T17:04:51.5448032Z ##[endgroup]
Windows clean-clone migration and seed	Run actions/checkout@v4	2026-08-10T17:04:51.6648937Z Syncing repository: forwardFish/aiStoryRoom
Windows clean-clone migration and seed	Run actions/checkout@v4	2026-08-10T17:04:51.6651377Z ##[group]Getting Git version info
Windows clean-clone migration and seed	Run actions/checkout@v4	2026-08-10T17:04:51.6652626Z Working directory is 'D:\a\aiStoryRoom\aiStoryRoom'
Windows clean-clone migration and seed	Run actions/checkout@v4	2026-08-10T17:04:51.7640682Z [command]"C:\Program Files\Git\bin\git.exe" version
Windows clean-clone migration and seed	Run actions/checkout@v4	2026-08-10T17:04:52.1771751Z git version 2.55.0.windows.3
Windows clean-clone migration and seed	Run actions/checkout@v4	2026-08-10T17:04:52.1825347Z ##[endgroup]
Windows clean-clone migration and seed	Run actions/checkout@v4	2026-08-10T17:04:52.1846166Z Temporarily overriding HOME='D:\a\_temp\2a9ef06f-7114-4bb7-bb0c-31527f197491' before making global git config changes
Windows clean-clone migration and seed	Run actions/checkout@v4	2026-08-10T17:04:52.1848465Z Adding repository directory to the temporary git global config as a safe directory
Windows clean-clone migration and seed	Run actions/checkout@v4	2026-08-10T17:04:52.1856982Z [command]"C:\Program Files\Git\bin\git.exe" config --global --add safe.directory D:\a\aiStoryRoom\aiStoryRoom
Windows clean-clone migration and seed	Run actions/checkout@v4	2026-08-10T17:04:52.2579561Z Deleting the contents of 'D:\a\aiStoryRoom\aiStoryRoom'
Windows clean-clone migration and seed	Run actions/checkout@v4	2026-08-10T17:04:52.2587041Z ##[group]Initializing the repository
Windows clean-clone migration and seed	Run actions/checkout@v4	2026-08-10T17:04:52.2599285Z [command]"C:\Program Files\Git\bin\git.exe" init D:\a\aiStoryRoom\aiStoryRoom
Windows clean-clone migration and seed	Run actions/checkout@v4	2026-08-10T17:04:52.3725682Z Initialized empty Git repository in D:/a/aiStoryRoom/aiStoryRoom/.git/
Windows clean-clone migration and seed	Run actions/checkout@v4	2026-08-10T17:04:52.3775511Z [command]"C:\Program Files\Git\bin\git.exe" remote add origin https://github.com/forwardFish/aiStoryRoom
Windows clean-clone migration and seed	Run actions/checkout@v4	2026-08-10T17:04:52.4432218Z ##[endgroup]
Windows clean-clone migration and seed	Run actions/checkout@v4	2026-08-10T17:04:52.4433601Z ##[group]Disabling automatic garbage collection
Windows clean-clone migration and seed	Run actions/checkout@v4	2026-08-10T17:04:52.4446320Z [command]"C:\Program Files\Git\bin\git.exe" config --local gc.auto 0
Windows clean-clone migration and seed	Run actions/checkout@v4	2026-08-10T17:04:52.4808393Z ##[endgroup]
Windows clean-clone migration and seed	Run actions/checkout@v4	2026-08-10T17:04:52.4809302Z ##[group]Setting up auth
Windows clean-clone migration and seed	Run actions/checkout@v4	2026-08-10T17:04:52.4823424Z [command]"C:\Program Files\Git\bin\git.exe" config --local --name-only --get-regexp core\.sshCommand
Windows clean-clone migration and seed	Run actions/checkout@v4	2026-08-10T17:04:52.5133505Z [command]"C:\Program Files\Git\bin\git.exe" submodule foreach --recursive "sh -c \"git config --local --name-only --get-regexp 'core\.sshCommand' && git config --local --unset-all 'core.sshCommand' || :\""
Windows clean-clone migration and seed	Run actions/checkout@v4	2026-08-10T17:04:54.0539452Z [command]"C:\Program Files\Git\bin\git.exe" config --local --name-only --get-regexp http\.https\:\/\/github\.com\/\.extraheader
Windows clean-clone migration and seed	Run actions/checkout@v4	2026-08-10T17:04:54.0890914Z [command]"C:\Program Files\Git\bin\git.exe" submodule foreach --recursive "sh -c \"git config --local --name-only --get-regexp 'http\.https\:\/\/github\.com\/\.extraheader' && git config --local --unset-all 'http.https://github.com/.extraheader' || :\""
Windows clean-clone migration and seed	Run actions/checkout@v4	2026-08-10T17:04:54.6159994Z [command]"C:\Program Files\Git\bin\git.exe" config --local --name-only --get-regexp ^includeIf\.gitdir:
Windows clean-clone migration and seed	Run actions/checkout@v4	2026-08-10T17:04:54.6467051Z [command]"C:\Program Files\Git\bin\git.exe" submodule foreach --recursive "git config --local --show-origin --name-only --get-regexp remote.origin.url"
Windows clean-clone migration and seed	Run actions/checkout@v4	2026-08-10T17:04:55.2127763Z [command]"C:\Program Files\Git\bin\git.exe" config --local http.https://github.com/.extraheader "AUTHORIZATION: basic ***"
Windows clean-clone migration and seed	Run actions/checkout@v4	2026-08-10T17:04:55.2433474Z ##[endgroup]
Windows clean-clone migration and seed	Run actions/checkout@v4	2026-08-10T17:04:55.2434259Z ##[group]Fetching the repository
Windows clean-clone migration and seed	Run actions/checkout@v4	2026-08-10T17:04:55.2446643Z [command]"C:\Program Files\Git\bin\git.exe" -c protocol.version=2 fetch --no-tags --prune --no-recurse-submodules --depth=1 origin cade9ffd2682b6e4f2476dd5d912389383a7b958
Windows clean-clone migration and seed	Run actions/checkout@v4	2026-08-10T17:05:18.6260398Z From https://github.com/forwardFish/aiStoryRoom
Windows clean-clone migration and seed	Run actions/checkout@v4	2026-08-10T17:05:18.6261505Z  * branch            cade9ffd2682b6e4f2476dd5d912389383a7b958 -> FETCH_HEAD
Windows clean-clone migration and seed	Run actions/checkout@v4	2026-08-10T17:05:18.6305104Z ##[endgroup]
Windows clean-clone migration and seed	Run actions/checkout@v4	2026-08-10T17:05:18.6305730Z ##[group]Determining the checkout info
Windows clean-clone migration and seed	Run actions/checkout@v4	2026-08-10T17:05:18.6308312Z ##[endgroup]
Windows clean-clone migration and seed	Run actions/checkout@v4	2026-08-10T17:05:18.6321249Z [command]"C:\Program Files\Git\bin\git.exe" sparse-checkout disable
Windows clean-clone migration and seed	Run actions/checkout@v4	2026-08-10T17:05:18.6805956Z [command]"C:\Program Files\Git\bin\git.exe" config --local --unset-all extensions.worktreeConfig
Windows clean-clone migration and seed	Run actions/checkout@v4	2026-08-10T17:05:18.7179847Z ##[group]Checking out the ref
Windows clean-clone migration and seed	Run actions/checkout@v4	2026-08-10T17:05:18.7190518Z [command]"C:\Program Files\Git\bin\git.exe" checkout --progress --force cade9ffd2682b6e4f2476dd5d912389383a7b958
Windows clean-clone migration and seed	Run actions/checkout@v4	2026-08-10T17:05:19.8415901Z Updating files:  30% (768/2512)
Windows clean-clone migration and seed	Run actions/checkout@v4	2026-08-10T17:05:19.9950754Z Updating files:  31% (779/2512)
Windows clean-clone migration and seed	Run actions/checkout@v4	2026-08-10T17:05:20.0484109Z Updating files:  32% (804/2512)
Windows clean-clone migration and seed	Run actions/checkout@v4	2026-08-10T17:05:20.1958630Z Updating files:  33% (829/2512)
Windows clean-clone migration and seed	Run actions/checkout@v4	2026-08-10T17:05:20.3294986Z Updating files:  34% (855/2512)
Windows clean-clone migration and seed	Run actions/checkout@v4	2026-08-10T17:05:20.4782247Z Updating files:  35% (880/2512)
Windows clean-clone migration and seed	Run actions/checkout@v4	2026-08-10T17:05:20.5116184Z Updating files:  36% (905/2512)
Windows clean-clone migration and seed	Run actions/checkout@v4	2026-08-10T17:05:20.5174106Z Updating files:  37% (930/2512)
Windows clean-clone migration and seed	Run actions/checkout@v4	2026-08-10T17:05:20.5238791Z Updating files:  38% (955/2512)
Windows clean-clone migration and seed	Run actions/checkout@v4	2026-08-10T17:05:20.5304044Z Updating files:  39% (980/2512)
Windows clean-clone migration and seed	Run actions/checkout@v4	2026-08-10T17:05:20.5356613Z Updating files:  40% (1005/2512)
Windows clean-clone migration and seed	Run actions/checkout@v4	2026-08-10T17:05:20.5561223Z Updating files:  41% (1030/2512)
Windows clean-clone migration and seed	Run actions/checkout@v4	2026-08-10T17:05:20.6891885Z Updating files:  42% (1056/2512)
Windows clean-clone migration and seed	Run actions/checkout@v4	2026-08-10T17:05:20.7799184Z Updating files:  43% (1081/2512)
Windows clean-clone migration and seed	Run actions/checkout@v4	2026-08-10T17:05:20.8510019Z Updating files:  43% (1094/2512)
Windows clean-clone migration and seed	Run actions/checkout@v4	2026-08-10T17:05:21.0102621Z Updating files:  44% (1106/2512)
Windows clean-clone migration and seed	Run actions/checkout@v4	2026-08-10T17:05:21.0149994Z Updating files:  45% (1131/2512)
Windows clean-clone migration and seed	Run actions/checkout@v4	2026-08-10T17:05:21.0198512Z Updating files:  46% (1156/2512)
Windows clean-clone migration and seed	Run actions/checkout@v4	2026-08-10T17:05:21.0250220Z Updating files:  47% (1181/2512)
Windows clean-clone migration and seed	Run actions/checkout@v4	2026-08-10T17:05:21.0347792Z Updating files:  48% (1206/2512)
Windows clean-clone migration and seed	Run actions/checkout@v4	2026-08-10T17:05:21.0465561Z Updating files:  49% (1231/2512)
Windows clean-clone migration and seed	Run actions/checkout@v4	2026-08-10T17:05:21.0535809Z Updating files:  50% (1256/2512)
Windows clean-clone migration and seed	Run actions/checkout@v4	2026-08-10T17:05:21.0712950Z Updating files:  51% (1282/2512)
Windows clean-clone migration and seed	Run actions/checkout@v4	2026-08-10T17:05:21.0827540Z Updating files:  52% (1307/2512)
Windows clean-clone migration and seed	Run actions/checkout@v4	2026-08-10T17:05:21.0875932Z Updating files:  53% (1332/2512)
Windows clean-clone migration and seed	Run actions/checkout@v4	2026-08-10T17:05:21.0922132Z Updating files:  54% (1357/2512)
Windows clean-clone migration and seed	Run actions/checkout@v4	2026-08-10T17:05:21.0977969Z Updating files:  55% (1382/2512)
Windows clean-clone migration and seed	Run actions/checkout@v4	2026-08-10T17:05:21.1037321Z Updating files:  56% (1407/2512)
Windows clean-clone migration and seed	Run actions/checkout@v4	2026-08-10T17:05:21.1084298Z Updating files:  57% (1432/2512)
Windows clean-clone migration and seed	Run actions/checkout@v4	2026-08-10T17:05:21.1167327Z Updating files:  58% (1457/2512)
Windows clean-clone migration and seed	Run actions/checkout@v4	2026-08-10T17:05:21.1226594Z Updating files:  59% (1483/2512)
Windows clean-clone migration and seed	Run actions/checkout@v4	2026-08-10T17:05:21.1299735Z Updating files:  60% (1508/2512)
Windows clean-clone migration and seed	Run actions/checkout@v4	2026-08-10T17:05:21.1387807Z Updating files:  61% (1533/2512)
Windows clean-clone migration and seed	Run actions/checkout@v4	2026-08-10T17:05:21.1530657Z Updating files:  62% (1558/2512)
Windows clean-clone migration and seed	Run actions/checkout@v4	2026-08-10T17:05:21.1589510Z Updating files:  63% (1583/2512)
Windows clean-clone migration and seed	Run actions/checkout@v4	2026-08-10T17:05:21.1652486Z Updating files:  64% (1608/2512)
Windows clean-clone migration and seed	Run actions/checkout@v4	2026-08-10T17:05:21.1713035Z Updating files:  65% (1633/2512)
Windows clean-clone migration and seed	Run actions/checkout@v4	2026-08-10T17:05:21.1782739Z Updating files:  66% (1658/2512)
Windows clean-clone migration and seed	Run actions/checkout@v4	2026-08-10T17:05:21.1843042Z Updating files:  67% (1684/2512)
Windows clean-clone migration and seed	Run actions/checkout@v4	2026-08-10T17:05:21.1900148Z Updating files:  68% (1709/2512)
Windows clean-clone migration and seed	Run actions/checkout@v4	2026-08-10T17:05:21.1958710Z Updating files:  69% (1734/2512)
Windows clean-clone migration and seed	Run actions/checkout@v4	2026-08-10T17:05:21.2024318Z Updating files:  70% (1759/2512)
Windows clean-clone migration and seed	Run actions/checkout@v4	2026-08-10T17:05:21.2081495Z Updating files:  71% (1784/2512)
Windows clean-clone migration and seed	Run actions/checkout@v4	2026-08-10T17:05:21.2134486Z Updating files:  72% (1809/2512)
Windows clean-clone migration and seed	Run actions/checkout@v4	2026-08-10T17:05:21.2189656Z Updating files:  73% (1834/2512)
Windows clean-clone migration and seed	Run actions/checkout@v4	2026-08-10T17:05:21.2245235Z Updating files:  74% (1859/2512)
Windows clean-clone migration and seed	Run actions/checkout@v4	2026-08-10T17:05:21.2304490Z Updating files:  75% (1884/2512)
Windows clean-clone migration and seed	Run actions/checkout@v4	2026-08-10T17:05:21.2362596Z Updating files:  76% (1910/2512)
Windows clean-clone migration and seed	Run actions/checkout@v4	2026-08-10T17:05:21.2423911Z Updating files:  77% (1935/2512)
Windows clean-clone migration and seed	Run actions/checkout@v4	2026-08-10T17:05:21.2479698Z Updating files:  78% (1960/2512)
Windows clean-clone migration and seed	Run actions/checkout@v4	2026-08-10T17:05:21.2536279Z Updating files:  79% (1985/2512)
Windows clean-clone migration and seed	Run actions/checkout@v4	2026-08-10T17:05:21.2590190Z Updating files:  80% (2010/2512)
Windows clean-clone migration and seed	Run actions/checkout@v4	2026-08-10T17:05:21.2654019Z Updating files:  81% (2035/2512)
Windows clean-clone migration and seed	Run actions/checkout@v4	2026-08-10T17:05:21.2711120Z Updating files:  82% (2060/2512)
Windows clean-clone migration and seed	Run actions/checkout@v4	2026-08-10T17:05:21.2798073Z Updating files:  83% (2085/2512)
Windows clean-clone migration and seed	Run actions/checkout@v4	2026-08-10T17:05:21.2872926Z Updating files:  84% (2111/2512)
Windows clean-clone migration and seed	Run actions/checkout@v4	2026-08-10T17:05:21.2948042Z Updating files:  85% (2136/2512)
Windows clean-clone migration and seed	Run actions/checkout@v4	2026-08-10T17:05:21.3028940Z Updating files:  86% (2161/2512)
Windows clean-clone migration and seed	Run actions/checkout@v4	2026-08-10T17:05:21.3100684Z Updating files:  87% (2186/2512)
Windows clean-clone migration and seed	Run actions/checkout@v4	2026-08-10T17:05:21.3170684Z Updating files:  88% (2211/2512)
Windows clean-clone migration and seed	Run actions/checkout@v4	2026-08-10T17:05:21.3235569Z Updating files:  89% (2236/2512)
Windows clean-clone migration and seed	Run actions/checkout@v4	2026-08-10T17:05:21.3336923Z Updating files:  90% (2261/2512)
Windows clean-clone migration and seed	Run actions/checkout@v4	2026-08-10T17:05:21.3417914Z Updating files:  91% (2286/2512)
Windows clean-clone migration and seed	Run actions/checkout@v4	2026-08-10T17:05:21.3482829Z Updating files:  92% (2312/2512)
Windows clean-clone migration and seed	Run actions/checkout@v4	2026-08-10T17:05:21.3537943Z Updating files:  93% (2337/2512)
Windows clean-clone migration and seed	Run actions/checkout@v4	2026-08-10T17:05:21.3599889Z Updating files:  94% (2362/2512)
Windows clean-clone migration and seed	Run actions/checkout@v4	2026-08-10T17:05:21.3662406Z Updating files:  95% (2387/2512)
Windows clean-clone migration and seed	Run actions/checkout@v4	2026-08-10T17:05:21.3722756Z Updating files:  96% (2412/2512)
Windows clean-clone migration and seed	Run actions/checkout@v4	2026-08-10T17:05:21.3798559Z Updating files:  97% (2437/2512)
Windows clean-clone migration and seed	Run actions/checkout@v4	2026-08-10T17:05:21.3879280Z Updating files:  98% (2462/2512)
Windows clean-clone migration and seed	Run actions/checkout@v4	2026-08-10T17:05:21.3939641Z Updating files:  99% (2487/2512)
Windows clean-clone migration and seed	Run actions/checkout@v4	2026-08-10T17:05:21.3940074Z Updating files: 100% (2512/2512)
Windows clean-clone migration and seed	Run actions/checkout@v4	2026-08-10T17:05:21.3940461Z Updating files: 100% (2512/2512), done.
Windows clean-clone migration and seed	Run actions/checkout@v4	2026-08-10T17:05:21.4061855Z Note: switching to 'cade9ffd2682b6e4f2476dd5d912389383a7b958'.
Windows clean-clone migration and seed	Run actions/checkout@v4	2026-08-10T17:05:21.4062354Z 
Windows clean-clone migration and seed	Run actions/checkout@v4	2026-08-10T17:05:21.4062710Z You are in 'detached HEAD' state. You can look around, make experimental
Windows clean-clone migration and seed	Run actions/checkout@v4	2026-08-10T17:05:21.4063515Z changes and commit them, and you can discard any commits you make in this
Windows clean-clone migration and seed	Run actions/checkout@v4	2026-08-10T17:05:21.4064311Z state without impacting any branches by switching back to a branch.
Windows clean-clone migration and seed	Run actions/checkout@v4	2026-08-10T17:05:21.4064814Z 
Windows clean-clone migration and seed	Run actions/checkout@v4	2026-08-10T17:05:21.4065120Z If you want to create a new branch to retain commits you create, you may
Windows clean-clone migration and seed	Run actions/checkout@v4	2026-08-10T17:05:21.4065869Z do so (now or later) by using -c with the switch command. Example:
Windows clean-clone migration and seed	Run actions/checkout@v4	2026-08-10T17:05:21.4066294Z 
Windows clean-clone migration and seed	Run actions/checkout@v4	2026-08-10T17:05:21.4066463Z   git switch -c <new-branch-name>
Windows clean-clone migration and seed	Run actions/checkout@v4	2026-08-10T17:05:21.4066790Z 
Windows clean-clone migration and seed	Run actions/checkout@v4	2026-08-10T17:05:21.4066944Z Or undo this operation with:
Windows clean-clone migration and seed	Run actions/checkout@v4	2026-08-10T17:05:21.4067204Z 
Windows clean-clone migration and seed	Run actions/checkout@v4	2026-08-10T17:05:21.4067323Z   git switch -
Windows clean-clone migration and seed	Run actions/checkout@v4	2026-08-10T17:05:21.4067506Z 
Windows clean-clone migration and seed	Run actions/checkout@v4	2026-08-10T17:05:21.4067846Z Turn off this advice by setting config variable advice.detachedHead to false
Windows clean-clone migration and seed	Run actions/checkout@v4	2026-08-10T17:05:21.4068379Z 
Windows clean-clone migration and seed	Run actions/checkout@v4	2026-08-10T17:05:21.4068711Z HEAD is now at cade9ff ci(b0): reseal complete evidence across operating systems
Windows clean-clone migration and seed	Run actions/checkout@v4	2026-08-10T17:05:21.4591465Z ##[endgroup]
Windows clean-clone migration and seed	Run actions/checkout@v4	2026-08-10T17:05:21.4919450Z [command]"C:\Program Files\Git\bin\git.exe" log -1 --format=%H
Windows clean-clone migration and seed	Run actions/checkout@v4	2026-08-10T17:05:21.5180761Z cade9ffd2682b6e4f2476dd5d912389383a7b958
Windows clean-clone migration and seed	Verify exact clean checkout	﻿2026-08-10T17:05:21.5548951Z ##[group]Run $ErrorActionPreference = "Stop"
Windows clean-clone migration and seed	Verify exact clean checkout	2026-08-10T17:05:21.5549404Z ^[[36;1m$ErrorActionPreference = "Stop"^[[0m
Windows clean-clone migration and seed	Verify exact clean checkout	2026-08-10T17:05:21.5549834Z ^[[36;1mif ((git rev-parse HEAD).Trim() -ne $env:GITHUB_SHA) { throw "wrong checkout SHA" }^[[0m
Windows clean-clone migration and seed	Verify exact clean checkout	2026-08-10T17:05:21.5550360Z ^[[36;1mif ((git status --short) -ne $null) { throw "checkout is not clean" }^[[0m
Windows clean-clone migration and seed	Verify exact clean checkout	2026-08-10T17:05:21.6292947Z shell: C:\Program Files\PowerShell\7\pwsh.EXE -command ". '{0}'"
Windows clean-clone migration and seed	Verify exact clean checkout	2026-08-10T17:05:21.6293498Z ##[endgroup]
Windows clean-clone migration and seed	Run pnpm/action-setup@v4	﻿2026-08-10T17:05:22.3924142Z Node 20 is being deprecated. This workflow is running with Node 24 by default. If you need to temporarily use Node 20, you can set the ACTIONS_ALLOW_USE_UNSECURE_NODE_VERSION=true environment variable. For more information see: https://github.blog/changelog/2025-09-19-deprecation-of-node-20-on-github-actions-runners/
Windows clean-clone migration and seed	Run pnpm/action-setup@v4	2026-08-10T17:05:22.3925546Z ##[group]Run pnpm/action-setup@v4
Windows clean-clone migration and seed	Run pnpm/action-setup@v4	2026-08-10T17:05:22.3925782Z with:
Windows clean-clone migration and seed	Run pnpm/action-setup@v4	2026-08-10T17:05:22.3925947Z   version: 10
Windows clean-clone migration and seed	Run pnpm/action-setup@v4	2026-08-10T17:05:22.3926121Z   dest: ~/setup-pnpm
Windows clean-clone migration and seed	Run pnpm/action-setup@v4	2026-08-10T17:05:22.3926315Z   run_install: null
Windows clean-clone migration and seed	Run pnpm/action-setup@v4	2026-08-10T17:05:22.3926501Z   cache: false
Windows clean-clone migration and seed	Run pnpm/action-setup@v4	2026-08-10T17:05:22.3926694Z   cache_dependency_path: pnpm-lock.yaml
Windows clean-clone migration and seed	Run pnpm/action-setup@v4	2026-08-10T17:05:22.3926968Z   package_json_file: package.json
Windows clean-clone migration and seed	Run pnpm/action-setup@v4	2026-08-10T17:05:22.3927201Z   standalone: false
Windows clean-clone migration and seed	Run pnpm/action-setup@v4	2026-08-10T17:05:22.3927375Z ##[endgroup]
Windows clean-clone migration and seed	Run pnpm/action-setup@v4	2026-08-10T17:05:22.5810304Z ##[group]Running self-installer...
Windows clean-clone migration and seed	Run pnpm/action-setup@v4	2026-08-10T17:05:23.0596731Z (node:4596) [DEP0169] DeprecationWarning: `url.parse()` behavior is not standardized and prone to errors that have security implications. Use the WHATWG URL API instead. CVEs are not issued for `url.parse()` vulnerabilities.
Windows clean-clone migration and seed	Run pnpm/action-setup@v4	2026-08-10T17:05:23.0599826Z (Use `node --trace-deprecation ...` to show where the warning was created)
Windows clean-clone migration and seed	Run pnpm/action-setup@v4	2026-08-10T17:05:23.2113317Z Progress: resolved 1, reused 0, downloaded 0, added 0
Windows clean-clone migration and seed	Run pnpm/action-setup@v4	2026-08-10T17:05:23.2243467Z Packages: +1
Windows clean-clone migration and seed	Run pnpm/action-setup@v4	2026-08-10T17:05:23.2244154Z +
Windows clean-clone migration and seed	Run pnpm/action-setup@v4	2026-08-10T17:05:25.4402244Z Progress: resolved 1, reused 0, downloaded 1, added 0
Windows clean-clone migration and seed	Run pnpm/action-setup@v4	2026-08-10T17:05:26.0490509Z Progress: resolved 1, reused 0, downloaded 1, added 1, done
Windows clean-clone migration and seed	Run pnpm/action-setup@v4	2026-08-10T17:05:26.1173641Z 
Windows clean-clone migration and seed	Run pnpm/action-setup@v4	2026-08-10T17:05:26.1174068Z dependencies:
Windows clean-clone migration and seed	Run pnpm/action-setup@v4	2026-08-10T17:05:26.1174422Z + pnpm 10.34.5 (11.21.0 is available)
Windows clean-clone migration and seed	Run pnpm/action-setup@v4	2026-08-10T17:05:26.1174707Z 
Windows clean-clone migration and seed	Run pnpm/action-setup@v4	2026-08-10T17:05:26.1355160Z Done in 3.3s
Windows clean-clone migration and seed	Run pnpm/action-setup@v4	2026-08-10T17:05:26.1549656Z ##[endgroup]
Windows clean-clone migration and seed	Run pnpm/action-setup@v4	2026-08-10T17:05:26.1550380Z Installation Completed!
Windows clean-clone migration and seed	Run actions/setup-node@v4	﻿2026-08-10T17:05:26.1878610Z Node 20 is being deprecated. This workflow is running with Node 24 by default. If you need to temporarily use Node 20, you can set the ACTIONS_ALLOW_USE_UNSECURE_NODE_VERSION=true environment variable. For more information see: https://github.blog/changelog/2025-09-19-deprecation-of-node-20-on-github-actions-runners/
Windows clean-clone migration and seed	Run actions/setup-node@v4	2026-08-10T17:05:26.1879982Z ##[group]Run actions/setup-node@v4
Windows clean-clone migration and seed	Run actions/setup-node@v4	2026-08-10T17:05:26.1880226Z with:
Windows clean-clone migration and seed	Run actions/setup-node@v4	2026-08-10T17:05:26.1880395Z   node-version: 22
Windows clean-clone migration and seed	Run actions/setup-node@v4	2026-08-10T17:05:26.1880572Z   cache: pnpm
Windows clean-clone migration and seed	Run actions/setup-node@v4	2026-08-10T17:05:26.1880762Z   always-auth: false
Windows clean-clone migration and seed	Run actions/setup-node@v4	2026-08-10T17:05:26.1880957Z   check-latest: false
Windows clean-clone migration and seed	Run actions/setup-node@v4	2026-08-10T17:05:26.1883493Z   token: ***
Windows clean-clone migration and seed	Run actions/setup-node@v4	2026-08-10T17:05:26.1883670Z env:
Windows clean-clone migration and seed	Run actions/setup-node@v4	2026-08-10T17:05:26.1883936Z   PNPM_HOME: C:\Users\runneradmin\setup-pnpm\node_modules\.bin
Windows clean-clone migration and seed	Run actions/setup-node@v4	2026-08-10T17:05:26.1884257Z ##[endgroup]
Windows clean-clone migration and seed	Run actions/setup-node@v4	2026-08-10T17:05:26.4053350Z Found in cache @ C:\hostedtoolcache\windows\node\22.23.2\x64
Windows clean-clone migration and seed	Run actions/setup-node@v4	2026-08-10T17:05:26.4063481Z (node:2988) [DEP0040] DeprecationWarning: The `punycode` module is deprecated. Please use a userland alternative instead.
Windows clean-clone migration and seed	Run actions/setup-node@v4	2026-08-10T17:05:26.4064607Z (Use `node --trace-deprecation ...` to show where the warning was created)
Windows clean-clone migration and seed	Run actions/setup-node@v4	2026-08-10T17:05:26.4068877Z ##[group]Environment details
Windows clean-clone migration and seed	Run actions/setup-node@v4	2026-08-10T17:05:31.4521285Z node: v22.23.2
Windows clean-clone migration and seed	Run actions/setup-node@v4	2026-08-10T17:05:31.4521999Z npm: 10.9.8
Windows clean-clone migration and seed	Run actions/setup-node@v4	2026-08-10T17:05:31.4522326Z yarn: 1.22.22
Windows clean-clone migration and seed	Run actions/setup-node@v4	2026-08-10T17:05:31.4523644Z ##[endgroup]
Windows clean-clone migration and seed	Run actions/setup-node@v4	2026-08-10T17:05:31.5494900Z [command]C:\Windows\system32\cmd.exe /D /S /C "C:\Users\runneradmin\setup-pnpm\node_modules\.bin\pnpm.CMD store path --silent"
Windows clean-clone migration and seed	Run actions/setup-node@v4	2026-08-10T17:05:32.5687613Z D:\.pnpm-store\v10
Windows clean-clone migration and seed	Run actions/setup-node@v4	2026-08-10T17:05:32.9995720Z Cache hit for: node-cache-Windows-x64-pnpm-97d8d0fc5ce2b453c0618d90d170df9ec73684b87ea6d2b5977e7a5a8d5ea2c4
Windows clean-clone migration and seed	Run actions/setup-node@v4	2026-08-10T17:05:33.0116414Z (node:2988) [DEP0169] DeprecationWarning: `url.parse()` behavior is not standardized and prone to errors that have security implications. Use the WHATWG URL API instead. CVEs are not issued for `url.parse()` vulnerabilities.
Windows clean-clone migration and seed	Run actions/setup-node@v4	2026-08-10T17:05:34.3131959Z Received 20971520 of 154406854 (13.6%), 19.7 MBs/sec
Windows clean-clone migration and seed	Run actions/setup-node@v4	2026-08-10T17:05:35.3554857Z Received 134217728 of 154406854 (86.9%), 62.3 MBs/sec
Windows clean-clone migration and seed	Run actions/setup-node@v4	2026-08-10T17:05:36.0798522Z Received 154406854 of 154406854 (100.0%), 52.9 MBs/sec
Windows clean-clone migration and seed	Run actions/setup-node@v4	2026-08-10T17:05:36.0801953Z Cache Size: ~147 MB (154406854 B)
Windows clean-clone migration and seed	Run actions/setup-node@v4	2026-08-10T17:05:36.0837173Z [command]"C:\Program Files\Git\usr\bin\tar.exe" -xf D:/a/_temp/5eba4b73-9f85-4e7a-b765-638285ed7bdf/cache.tzst -P -C D:/a/aiStoryRoom/aiStoryRoom --force-local --use-compress-program "zstd -d"
Windows clean-clone migration and seed	Run actions/setup-node@v4	2026-08-10T17:05:44.8430248Z Cache restored successfully
Windows clean-clone migration and seed	Run actions/setup-node@v4	2026-08-10T17:05:44.8534932Z Cache restored from key: node-cache-Windows-x64-pnpm-97d8d0fc5ce2b453c0618d90d170df9ec73684b87ea6d2b5977e7a5a8d5ea2c4
Windows clean-clone migration and seed	Start the preinstalled PostgreSQL service	﻿2026-08-10T17:05:44.8830804Z ##[group]Run $ErrorActionPreference = "Stop"
Windows clean-clone migration and seed	Start the preinstalled PostgreSQL service	2026-08-10T17:05:44.8831281Z ^[[36;1m$ErrorActionPreference = "Stop"^[[0m
Windows clean-clone migration and seed	Start the preinstalled PostgreSQL service	2026-08-10T17:05:44.8831745Z ^[[36;1m$service = Get-Service -Name "postgresql-x64-*" | Select-Object -First 1^[[0m
Windows clean-clone migration and seed	Start the preinstalled PostgreSQL service	2026-08-10T17:05:44.8833087Z ^[[36;1mif (-not $service) { throw "No preinstalled PostgreSQL service was found" }^[[0m
Windows clean-clone migration and seed	Start the preinstalled PostgreSQL service	2026-08-10T17:05:44.8833622Z ^[[36;1mSet-Service -Name $service.Name -StartupType Manual^[[0m
Windows clean-clone migration and seed	Start the preinstalled PostgreSQL service	2026-08-10T17:05:44.8834004Z ^[[36;1mStart-Service -Name $service.Name^[[0m
Windows clean-clone migration and seed	Start the preinstalled PostgreSQL service	2026-08-10T17:05:44.8834411Z ^[[36;1m$service.WaitForStatus("Running", [TimeSpan]::FromSeconds(60))^[[0m
Windows clean-clone migration and seed	Start the preinstalled PostgreSQL service	2026-08-10T17:05:44.8834973Z ^[[36;1mif (-not $env:PGBIN) { throw "PGBIN is not configured by the Windows runner image" }^[[0m
Windows clean-clone migration and seed	Start the preinstalled PostgreSQL service	2026-08-10T17:05:44.8835451Z ^[[36;1m$env:Path = "$env:PGBIN;$env:Path"^[[0m
Windows clean-clone migration and seed	Start the preinstalled PostgreSQL service	2026-08-10T17:05:44.8835748Z ^[[36;1m$env:PGPASSWORD = "root"^[[0m
Windows clean-clone migration and seed	Start the preinstalled PostgreSQL service	2026-08-10T17:05:44.8836232Z ^[[36;1m& "$env:PGBIN\dropdb.exe" --if-exists --force --host 127.0.0.1 --username postgres ai_story_run^[[0m
Windows clean-clone migration and seed	Start the preinstalled PostgreSQL service	2026-08-10T17:05:44.8836915Z ^[[36;1m& "$env:PGBIN\createdb.exe" --host 127.0.0.1 --username postgres ai_story_run^[[0m
Windows clean-clone migration and seed	Start the preinstalled PostgreSQL service	2026-08-10T17:05:44.8837557Z ^[[36;1m& "$env:PGBIN\pg_isready.exe" --host 127.0.0.1 --port 5432 --username postgres --dbname ai_story_run^[[0m
Windows clean-clone migration and seed	Start the preinstalled PostgreSQL service	2026-08-10T17:05:44.8910674Z shell: C:\Program Files\PowerShell\7\pwsh.EXE -command ". '{0}'"
Windows clean-clone migration and seed	Start the preinstalled PostgreSQL service	2026-08-10T17:05:44.8911054Z env:
Windows clean-clone migration and seed	Start the preinstalled PostgreSQL service	2026-08-10T17:05:44.8911332Z   PNPM_HOME: C:\Users\runneradmin\setup-pnpm\node_modules\.bin
Windows clean-clone migration and seed	Start the preinstalled PostgreSQL service	2026-08-10T17:05:44.8911696Z ##[endgroup]
Windows clean-clone migration and seed	Start the preinstalled PostgreSQL service	2026-08-10T17:05:48.1593974Z NOTICE:  database "ai_story_run" does not exist, skipping
Windows clean-clone migration and seed	Start the preinstalled PostgreSQL service	2026-08-10T17:05:50.0485201Z 127.0.0.1:5432 - accepting connections
Windows clean-clone migration and seed	Frozen install	﻿2026-08-10T17:05:50.1194846Z ##[group]Run pnpm install --frozen-lockfile
Windows clean-clone migration and seed	Frozen install	2026-08-10T17:05:50.1195297Z ^[[36;1mpnpm install --frozen-lockfile^[[0m
Windows clean-clone migration and seed	Frozen install	2026-08-10T17:05:50.1267876Z shell: C:\Program Files\PowerShell\7\pwsh.EXE -command ". '{0}'"
Windows clean-clone migration and seed	Frozen install	2026-08-10T17:05:50.1268264Z env:
Windows clean-clone migration and seed	Frozen install	2026-08-10T17:05:50.1268546Z   PNPM_HOME: C:\Users\runneradmin\setup-pnpm\node_modules\.bin
Windows clean-clone migration and seed	Frozen install	2026-08-10T17:05:50.1268904Z ##[endgroup]
Windows clean-clone migration and seed	Frozen install	2026-08-10T17:05:50.9037560Z Scope: all 8 workspace projects
Windows clean-clone migration and seed	Frozen install	2026-08-10T17:05:51.0010003Z Lockfile is up to date, resolution step is skipped
Windows clean-clone migration and seed	Frozen install	2026-08-10T17:05:51.0703797Z Progress: resolved 1, reused 0, downloaded 0, added 0
Windows clean-clone migration and seed	Frozen install	2026-08-10T17:05:51.3038599Z Packages: +1075
Windows clean-clone migration and seed	Frozen install	2026-08-10T17:05:51.3042875Z ++++++++++++++++++++++++++++++++++++++++++++++++++++++++++++++++++++++++++++++++
Windows clean-clone migration and seed	Frozen install	2026-08-10T17:05:52.0726043Z Progress: resolved 1075, reused 289, downloaded 0, added 0
Windows clean-clone migration and seed	Frozen install	2026-08-10T17:05:53.0759119Z Progress: resolved 1075, reused 1075, downloaded 0, added 103
Windows clean-clone migration and seed	Frozen install	2026-08-10T17:05:54.0813704Z Progress: resolved 1075, reused 1075, downloaded 0, added 195
Windows clean-clone migration and seed	Frozen install	2026-08-10T17:05:55.0813568Z Progress: resolved 1075, reused 1075, downloaded 0, added 359
Windows clean-clone migration and seed	Frozen install	2026-08-10T17:05:56.0817266Z Progress: resolved 1075, reused 1075, downloaded 0, added 706
Windows clean-clone migration and seed	Frozen install	2026-08-10T17:05:57.0494832Z Progress: resolved 1075, reused 1075, downloaded 0, added 1075, done
Windows clean-clone migration and seed	Frozen install	2026-08-10T17:05:58.0818144Z 
Windows clean-clone migration and seed	Frozen install	2026-08-10T17:05:58.0819211Z dependencies:
Windows clean-clone migration and seed	Frozen install	2026-08-10T17:05:58.0819681Z + @nestjs/common 11.1.19
Windows clean-clone migration and seed	Frozen install	2026-08-10T17:05:58.0820349Z + @nestjs/core 11.1.19
Windows clean-clone migration and seed	Frozen install	2026-08-10T17:05:58.0820855Z + @nestjs/platform-express 11.1.19
Windows clean-clone migration and seed	Frozen install	2026-08-10T17:05:58.0821450Z + @prisma/client 6.19.3
Windows clean-clone migration and seed	Frozen install	2026-08-10T17:05:58.0821933Z + reflect-metadata 0.2.2
Windows clean-clone migration and seed	Frozen install	2026-08-10T17:05:58.0822330Z + rxjs 7.8.2
Windows clean-clone migration and seed	Frozen install	2026-08-10T17:05:58.0822591Z 
Windows clean-clone migration and seed	Frozen install	2026-08-10T17:05:58.0822829Z devDependencies:
Windows clean-clone migration and seed	Frozen install	2026-08-10T17:05:58.0823283Z + prisma 6.19.3
Windows clean-clone migration and seed	Frozen install	2026-08-10T17:05:58.0823692Z + tsx 4.21.0
Windows clean-clone migration and seed	Frozen install	2026-08-10T17:05:58.0824124Z + typescript 5.9.3
Windows clean-clone migration and seed	Frozen install	2026-08-10T17:05:58.0824388Z 
Windows clean-clone migration and seed	Frozen install	2026-08-10T17:05:58.1614233Z Done in 7.7s using pnpm v10.34.5
Windows clean-clone migration and seed	Create the documented local environment file	﻿2026-08-10T17:05:58.2991768Z ##[group]Run @'
Windows clean-clone migration and seed	Create the documented local environment file	2026-08-10T17:05:58.2992079Z ^[[36;1m@'^[[0m
Windows clean-clone migration and seed	Create the documented local environment file	2026-08-10T17:05:58.2992650Z ^[[36;1mDATABASE_URL=***127.0.0.1:5432/ai_story_run?schema=public^[[0m
Windows clean-clone migration and seed	Create the documented local environment file	2026-08-10T17:05:58.2993069Z ^[[36;1m'@ | Set-Content -Path .env -Encoding utf8NoBOM^[[0m
Windows clean-clone migration and seed	Create the documented local environment file	2026-08-10T17:05:58.3062603Z shell: C:\Program Files\PowerShell\7\pwsh.EXE -command ". '{0}'"
Windows clean-clone migration and seed	Create the documented local environment file	2026-08-10T17:05:58.3062956Z env:
Windows clean-clone migration and seed	Create the documented local environment file	2026-08-10T17:05:58.3063223Z   PNPM_HOME: C:\Users\runneradmin\setup-pnpm\node_modules\.bin
Windows clean-clone migration and seed	Create the documented local environment file	2026-08-10T17:05:58.3063563Z ##[endgroup]
Windows clean-clone migration and seed	Generate client and apply migrations	﻿2026-08-10T17:05:58.7620592Z ##[group]Run $ErrorActionPreference = "Stop"
Windows clean-clone migration and seed	Generate client and apply migrations	2026-08-10T17:05:58.7621061Z ^[[36;1m$ErrorActionPreference = "Stop"^[[0m
Windows clean-clone migration and seed	Generate client and apply migrations	2026-08-10T17:05:58.7621349Z ^[[36;1mpnpm db:generate^[[0m
Windows clean-clone migration and seed	Generate client and apply migrations	2026-08-10T17:05:58.7621575Z ^[[36;1mpnpm db:migrate:deploy^[[0m
Windows clean-clone migration and seed	Generate client and apply migrations	2026-08-10T17:05:58.7693619Z shell: C:\Program Files\PowerShell\7\pwsh.EXE -command ". '{0}'"
Windows clean-clone migration and seed	Generate client and apply migrations	2026-08-10T17:05:58.7693979Z env:
Windows clean-clone migration and seed	Generate client and apply migrations	2026-08-10T17:05:58.7694252Z   PNPM_HOME: C:\Users\runneradmin\setup-pnpm\node_modules\.bin
Windows clean-clone migration and seed	Generate client and apply migrations	2026-08-10T17:05:58.7694595Z ##[endgroup]
Windows clean-clone migration and seed	Generate client and apply migrations	2026-08-10T17:05:59.4905839Z 
Windows clean-clone migration and seed	Generate client and apply migrations	2026-08-10T17:05:59.4906601Z > ai-story-room@0.1.0 db:generate D:\a\aiStoryRoom\aiStoryRoom
Windows clean-clone migration and seed	Generate client and apply migrations	2026-08-10T17:05:59.4907372Z > prisma generate
Windows clean-clone migration and seed	Generate client and apply migrations	2026-08-10T17:05:59.4907562Z 
Windows clean-clone migration and seed	Generate client and apply migrations	2026-08-10T17:06:00.8425640Z warn The configuration property `package.json#prisma` is deprecated and will be removed in Prisma 7. Please migrate to a Prisma config file (e.g., `prisma.config.ts`).
Windows clean-clone migration and seed	Generate client and apply migrations	2026-08-10T17:06:00.8427328Z For more information, see: https://pris.ly/prisma-config
Windows clean-clone migration and seed	Generate client and apply migrations	2026-08-10T17:06:00.9844543Z 
Windows clean-clone migration and seed	Generate client and apply migrations	2026-08-10T17:06:00.9845426Z Environment variables loaded from .env
Windows clean-clone migration and seed	Generate client and apply migrations	2026-08-10T17:06:00.9930397Z Prisma schema loaded from prisma\schema.prisma
Windows clean-clone migration and seed	Generate client and apply migrations	2026-08-10T17:06:02.9674115Z 
Windows clean-clone migration and seed	Generate client and apply migrations	2026-08-10T17:06:02.9676045Z ✔ Generated Prisma Client (v6.19.3) to .\node_modules\.pnpm\@prisma+client@6.19.3_prism_1d040ab5215f59f0e27ddee7f0cf082e\node_modules\@prisma\client in 761ms
Windows clean-clone migration and seed	Generate client and apply migrations	2026-08-10T17:06:02.9677169Z 
Windows clean-clone migration and seed	Generate client and apply migrations	2026-08-10T17:06:02.9677727Z Start by importing your Prisma Client (See: https://pris.ly/d/importing-client)
Windows clean-clone migration and seed	Generate client and apply migrations	2026-08-10T17:06:02.9678239Z 
Windows clean-clone migration and seed	Generate client and apply migrations	2026-08-10T17:06:02.9678630Z Tip: Want to turn off tips and other hints? https://pris.ly/tip-4-nohints
Windows clean-clone migration and seed	Generate client and apply migrations	2026-08-10T17:06:02.9679083Z 
Windows clean-clone migration and seed	Generate client and apply migrations	2026-08-10T17:06:03.4786833Z 
Windows clean-clone migration and seed	Generate client and apply migrations	2026-08-10T17:06:03.4787831Z > ai-story-room@0.1.0 db:migrate:deploy D:\a\aiStoryRoom\aiStoryRoom
Windows clean-clone migration and seed	Generate client and apply migrations	2026-08-10T17:06:03.4788577Z > prisma migrate deploy
Windows clean-clone migration and seed	Generate client and apply migrations	2026-08-10T17:06:03.4788822Z 
Windows clean-clone migration and seed	Generate client and apply migrations	2026-08-10T17:06:04.6660618Z warn The configuration property `package.json#prisma` is deprecated and will be removed in Prisma 7. Please migrate to a Prisma config file (e.g., `prisma.config.ts`).
Windows clean-clone migration and seed	Generate client and apply migrations	2026-08-10T17:06:04.6662219Z For more information, see: https://pris.ly/prisma-config
Windows clean-clone migration and seed	Generate client and apply migrations	2026-08-10T17:06:04.6662625Z 
Windows clean-clone migration and seed	Generate client and apply migrations	2026-08-10T17:06:04.8794113Z Environment variables loaded from .env
Windows clean-clone migration and seed	Generate client and apply migrations	2026-08-10T17:06:04.8815906Z Prisma schema loaded from prisma\schema.prisma
Windows clean-clone migration and seed	Generate client and apply migrations	2026-08-10T17:06:04.8993143Z Datasource "db": PostgreSQL database "ai_story_run", schema "public" at "127.0.0.1:5432"
Windows clean-clone migration and seed	Generate client and apply migrations	2026-08-10T17:06:05.0283472Z 
Windows clean-clone migration and seed	Generate client and apply migrations	2026-08-10T17:06:05.0284459Z 33 migrations found in prisma/migrations
Windows clean-clone migration and seed	Generate client and apply migrations	2026-08-10T17:06:05.0285069Z 
Windows clean-clone migration and seed	Generate client and apply migrations	2026-08-10T17:06:05.1871148Z Applying migration `20260711011043_init`
Windows clean-clone migration and seed	Generate client and apply migrations	2026-08-10T17:06:05.3880366Z Applying migration `20260711012408_v4_ai_task_ledger`
Windows clean-clone migration and seed	Generate client and apply migrations	2026-08-10T17:06:05.3994970Z Applying migration `20260712220000_world_credits_billing_referrals`
Windows clean-clone migration and seed	Generate client and apply migrations	2026-08-10T17:06:05.4764476Z Applying migration `20260714193000_checkout_return_context`
Windows clean-clone migration and seed	Generate client and apply migrations	2026-08-10T17:06:05.4855978Z Applying migration `20260714194500_referral_social_channels`
Windows clean-clone migration and seed	Generate client and apply migrations	2026-08-10T17:06:05.4941308Z Applying migration `20260714201000_purchase_display_code`
Windows clean-clone migration and seed	Generate client and apply migrations	2026-08-10T17:06:05.5060956Z Applying migration `20260715020000_purchase_display_code_default`
Windows clean-clone migration and seed	Generate client and apply migrations	2026-08-10T17:06:05.5151007Z Applying migration `20260715190000_auth_closure`
Windows clean-clone migration and seed	Generate client and apply migrations	2026-08-10T17:06:05.5432551Z Applying migration `20260716120000_foundation_current_schema`
Windows clean-clone migration and seed	Generate client and apply migrations	2026-08-10T17:06:05.6078887Z Applying migration `20260716130000_continuous_strategy_p0_expand`
Windows clean-clone migration and seed	Generate client and apply migrations	2026-08-10T17:06:05.7643137Z Applying migration `20260716131000_continuous_strategy_p0_backfill`
Windows clean-clone migration and seed	Generate client and apply migrations	2026-08-10T17:06:05.7790084Z Applying migration `20260716132000_continuous_strategy_p0_contract`
Windows clean-clone migration and seed	Generate client and apply migrations	2026-08-10T17:06:05.8281198Z Applying migration `20260716133000_continuous_strategy_task_contract`
Windows clean-clone migration and seed	Generate client and apply migrations	2026-08-10T17:06:05.8398490Z Applying migration `20260716134000_continuous_strategy_role_control_reasons`
Windows clean-clone migration and seed	Generate client and apply migrations	2026-08-10T17:06:05.8493174Z Applying migration `20260716135000_continuous_strategy_runtime_vocabulary`
Windows clean-clone migration and seed	Generate client and apply migrations	2026-08-10T17:06:05.8602264Z Applying migration `20260716136000_continuous_strategy_presence_sessions`
Windows clean-clone migration and seed	Generate client and apply migrations	2026-08-10T17:06:05.8814885Z Applying migration `20260716137000_continuous_strategy_reclaim_next_window`
Windows clean-clone migration and seed	Generate client and apply migrations	2026-08-10T17:06:05.8911252Z Applying migration `20260716138000_world_actor_not_player_role`
Windows clean-clone migration and seed	Generate client and apply migrations	2026-08-10T17:06:05.9010468Z Applying migration `20260716170000_refunds_and_secure_result_shares`
Windows clean-clone migration and seed	Generate client and apply migrations	2026-08-10T17:06:05.9271823Z Applying migration `20260718110000_share_token_default_contract`
Windows clean-clone migration and seed	Generate client and apply migrations	2026-08-10T17:06:05.9380342Z Applying migration `20260718190000_continuous_story_v2_actor_threads`
Windows clean-clone migration and seed	Generate client and apply migrations	2026-08-10T17:06:06.0105426Z Applying migration `20260718193000_continuous_story_v2_outbox_vocabulary`
Windows clean-clone migration and seed	Generate client and apply migrations	2026-08-10T17:06:06.0205978Z Applying migration `20260718194500_continuous_story_v2_action_slot`
Windows clean-clone migration and seed	Generate client and apply migrations	2026-08-10T17:06:06.0301671Z Applying migration `20260719093000_continuous_story_v2_real_intent`
Windows clean-clone migration and seed	Generate client and apply migrations	2026-08-10T17:06:06.0750183Z Applying migration `20260719103000_continuous_story_context_prompt_pipeline`
Windows clean-clone migration and seed	Generate client and apply migrations	2026-08-10T17:06:06.1055279Z Applying migration `20260719144500_continuous_story_v2_generation_tasks`
Windows clean-clone migration and seed	Generate client and apply migrations	2026-08-10T17:06:06.1161003Z Applying migration `20260721113000_solo_story_engine_v1`
Windows clean-clone migration and seed	Generate client and apply migrations	2026-08-10T17:06:06.1363762Z Applying migration `20260721154500_solo_story_action_slot`
Windows clean-clone migration and seed	Generate client and apply migrations	2026-08-10T17:06:06.1496296Z Applying migration `20260721170000_active_action_credit_policy`
Windows clean-clone migration and seed	Generate client and apply migrations	2026-08-10T17:06:06.2034794Z Applying migration `20260806060000_maneuver_v1_action_slots`
Windows clean-clone migration and seed	Generate client and apply migrations	2026-08-10T17:06:06.2127645Z Applying migration `20260806063000_maneuver_v1_visibility`
Windows clean-clone migration and seed	Generate client and apply migrations	2026-08-10T17:06:06.2261564Z Applying migration `20260809020000_b0_role_control_reason_vocabulary`
Windows clean-clone migration and seed	Generate client and apply migrations	2026-08-10T17:06:06.2358298Z Applying migration `20260809030000_b0_runtime_database_vocabulary`
Windows clean-clone migration and seed	Generate client and apply migrations	2026-08-10T17:06:06.2563561Z 
Windows clean-clone migration and seed	Generate client and apply migrations	2026-08-10T17:06:06.2596641Z ┌─────────────────────────────────────────────────────────┐
Windows clean-clone migration and seed	Generate client and apply migrations	2026-08-10T17:06:06.2597810Z │  Update available 6.19.3 -> 7.9.1                       │
Windows clean-clone migration and seed	Generate client and apply migrations	2026-08-10T17:06:06.2598485Z The following migration(s) have been applied:
Windows clean-clone migration and seed	Generate client and apply migrations	2026-08-10T17:06:06.2599429Z │                                                         │
Windows clean-clone migration and seed	Generate client and apply migrations	2026-08-10T17:06:06.2599834Z 
Windows clean-clone migration and seed	Generate client and apply migrations	2026-08-10T17:06:06.2600500Z │  This is a major update - please follow the guide at    │
Windows clean-clone migration and seed	Generate client and apply migrations	2026-08-10T17:06:06.2601026Z migrations/
Windows clean-clone migration and seed	Generate client and apply migrations	2026-08-10T17:06:06.2601831Z │  https://pris.ly/d/major-version-upgrade                │
Windows clean-clone migration and seed	Generate client and apply migrations	2026-08-10T17:06:06.2602445Z   └─ 20260711011043_init/
Windows clean-clone migration and seed	Generate client and apply migrations	2026-08-10T17:06:06.2603197Z │                                                         │
Windows clean-clone migration and seed	Generate client and apply migrations	2026-08-10T17:06:06.2603703Z     └─ migration.sql
Windows clean-clone migration and seed	Generate client and apply migrations	2026-08-10T17:06:06.2604521Z │  Run the following to update                            │
Windows clean-clone migration and seed	Generate client and apply migrations	2026-08-10T17:06:06.2605951Z   └─ 20260711012408_v4_ai_task_ledger/
Windows clean-clone migration and seed	Generate client and apply migrations	2026-08-10T17:06:06.2621635Z │    npm i --save-dev prisma@latest                       │
Windows clean-clone migration and seed	Generate client and apply migrations	2026-08-10T17:06:06.2622232Z     └─ migration.sql
Windows clean-clone migration and seed	Generate client and apply migrations	2026-08-10T17:06:06.2623072Z │    npm i @prisma/client@latest                          │
Windows clean-clone migration and seed	Generate client and apply migrations	2026-08-10T17:06:06.2623771Z   └─ 20260712220000_world_credits_billing_referrals/
Windows clean-clone migration and seed	Generate client and apply migrations	2026-08-10T17:06:06.2625011Z └─────────────────────────────────────────────────────────┘
Windows clean-clone migration and seed	Generate client and apply migrations	2026-08-10T17:06:06.2625599Z     └─ migration.sql
Windows clean-clone migration and seed	Generate client and apply migrations	2026-08-10T17:06:06.2627960Z   └─ 20260714193000_checkout_return_context/
Windows clean-clone migration and seed	Generate client and apply migrations	2026-08-10T17:06:06.2628647Z     └─ migration.sql
Windows clean-clone migration and seed	Generate client and apply migrations	2026-08-10T17:06:06.2629254Z   └─ 20260714194500_referral_social_channels/
Windows clean-clone migration and seed	Generate client and apply migrations	2026-08-10T17:06:06.2629885Z     └─ migration.sql
Windows clean-clone migration and seed	Generate client and apply migrations	2026-08-10T17:06:06.2631372Z   └─ 20260714201000_purchase_display_code/
Windows clean-clone migration and seed	Generate client and apply migrations	2026-08-10T17:06:06.2632213Z     └─ migration.sql
Windows clean-clone migration and seed	Generate client and apply migrations	2026-08-10T17:06:06.2632835Z   └─ 20260715020000_purchase_display_code_default/
Windows clean-clone migration and seed	Generate client and apply migrations	2026-08-10T17:06:06.2633414Z     └─ migration.sql
Windows clean-clone migration and seed	Generate client and apply migrations	2026-08-10T17:06:06.2633942Z   └─ 20260715190000_auth_closure/
Windows clean-clone migration and seed	Generate client and apply migrations	2026-08-10T17:06:06.2634881Z     └─ migration.sql
Windows clean-clone migration and seed	Generate client and apply migrations	2026-08-10T17:06:06.2635690Z   └─ 20260716120000_foundation_current_schema/
Windows clean-clone migration and seed	Generate client and apply migrations	2026-08-10T17:06:06.2636190Z     └─ migration.sql
Windows clean-clone migration and seed	Generate client and apply migrations	2026-08-10T17:06:06.2636700Z   └─ 20260716130000_continuous_strategy_p0_expand/
Windows clean-clone migration and seed	Generate client and apply migrations	2026-08-10T17:06:06.2637205Z     └─ migration.sql
Windows clean-clone migration and seed	Generate client and apply migrations	2026-08-10T17:06:06.2637702Z   └─ 20260716131000_continuous_strategy_p0_backfill/
Windows clean-clone migration and seed	Generate client and apply migrations	2026-08-10T17:06:06.2655853Z     └─ migration.sql
Windows clean-clone migration and seed	Generate client and apply migrations	2026-08-10T17:06:06.2656396Z   └─ 20260716132000_continuous_strategy_p0_contract/
Windows clean-clone migration and seed	Generate client and apply migrations	2026-08-10T17:06:06.2656924Z     └─ migration.sql
Windows clean-clone migration and seed	Generate client and apply migrations	2026-08-10T17:06:06.2657430Z   └─ 20260716133000_continuous_strategy_task_contract/
Windows clean-clone migration and seed	Generate client and apply migrations	2026-08-10T17:06:06.2657947Z     └─ migration.sql
Windows clean-clone migration and seed	Generate client and apply migrations	2026-08-10T17:06:06.2658509Z   └─ 20260716134000_continuous_strategy_role_control_reasons/
Windows clean-clone migration and seed	Generate client and apply migrations	2026-08-10T17:06:06.2659063Z     └─ migration.sql
Windows clean-clone migration and seed	Generate client and apply migrations	2026-08-10T17:06:06.2659590Z   └─ 20260716135000_continuous_strategy_runtime_vocabulary/
Windows clean-clone migration and seed	Generate client and apply migrations	2026-08-10T17:06:06.2660137Z     └─ migration.sql
Windows clean-clone migration and seed	Generate client and apply migrations	2026-08-10T17:06:06.2660661Z   └─ 20260716136000_continuous_strategy_presence_sessions/
Windows clean-clone migration and seed	Generate client and apply migrations	2026-08-10T17:06:06.2661192Z     └─ migration.sql
Windows clean-clone migration and seed	Generate client and apply migrations	2026-08-10T17:06:06.2661726Z   └─ 20260716137000_continuous_strategy_reclaim_next_window/
Windows clean-clone migration and seed	Generate client and apply migrations	2026-08-10T17:06:06.2662273Z     └─ migration.sql
Windows clean-clone migration and seed	Generate client and apply migrations	2026-08-10T17:06:06.2662775Z   └─ 20260716138000_world_actor_not_player_role/
Windows clean-clone migration and seed	Generate client and apply migrations	2026-08-10T17:06:06.2663254Z     └─ migration.sql
Windows clean-clone migration and seed	Generate client and apply migrations	2026-08-10T17:06:06.2663779Z   └─ 20260716170000_refunds_and_secure_result_shares/
Windows clean-clone migration and seed	Generate client and apply migrations	2026-08-10T17:06:06.2664277Z     └─ migration.sql
Windows clean-clone migration and seed	Generate client and apply migrations	2026-08-10T17:06:06.2664740Z   └─ 20260718110000_share_token_default_contract/
Windows clean-clone migration and seed	Generate client and apply migrations	2026-08-10T17:06:06.2665316Z     └─ migration.sql
Windows clean-clone migration and seed	Generate client and apply migrations	2026-08-10T17:06:06.2665824Z   └─ 20260718190000_continuous_story_v2_actor_threads/
Windows clean-clone migration and seed	Generate client and apply migrations	2026-08-10T17:06:06.2666344Z     └─ migration.sql
Windows clean-clone migration and seed	Generate client and apply migrations	2026-08-10T17:06:06.2666872Z   └─ 20260718193000_continuous_story_v2_outbox_vocabulary/
Windows clean-clone migration and seed	Generate client and apply migrations	2026-08-10T17:06:06.2667408Z     └─ migration.sql
Windows clean-clone migration and seed	Generate client and apply migrations	2026-08-10T17:06:06.2667881Z   └─ 20260718194500_continuous_story_v2_action_slot/
Windows clean-clone migration and seed	Generate client and apply migrations	2026-08-10T17:06:06.2668393Z     └─ migration.sql
Windows clean-clone migration and seed	Generate client and apply migrations	2026-08-10T17:06:06.2668862Z   └─ 20260719093000_continuous_story_v2_real_intent/
Windows clean-clone migration and seed	Generate client and apply migrations	2026-08-10T17:06:06.2669349Z     └─ migration.sql
Windows clean-clone migration and seed	Generate client and apply migrations	2026-08-10T17:06:06.2669895Z   └─ 20260719103000_continuous_story_context_prompt_pipeline/
Windows clean-clone migration and seed	Generate client and apply migrations	2026-08-10T17:06:06.2670703Z     └─ migration.sql
Windows clean-clone migration and seed	Generate client and apply migrations	2026-08-10T17:06:06.2671262Z   └─ 20260719144500_continuous_story_v2_generation_tasks/
Windows clean-clone migration and seed	Generate client and apply migrations	2026-08-10T17:06:06.2671867Z     └─ migration.sql
Windows clean-clone migration and seed	Generate client and apply migrations	2026-08-10T17:06:06.2672329Z   └─ 20260721113000_solo_story_engine_v1/
Windows clean-clone migration and seed	Generate client and apply migrations	2026-08-10T17:06:06.2672803Z     └─ migration.sql
Windows clean-clone migration and seed	Generate client and apply migrations	2026-08-10T17:06:06.2673271Z   └─ 20260721154500_solo_story_action_slot/
Windows clean-clone migration and seed	Generate client and apply migrations	2026-08-10T17:06:06.2673752Z     └─ migration.sql
Windows clean-clone migration and seed	Generate client and apply migrations	2026-08-10T17:06:06.2674234Z   └─ 20260721170000_active_action_credit_policy/
Windows clean-clone migration and seed	Generate client and apply migrations	2026-08-10T17:06:06.2674711Z     └─ migration.sql
Windows clean-clone migration and seed	Generate client and apply migrations	2026-08-10T17:06:06.2675197Z   └─ 20260806060000_maneuver_v1_action_slots/
Windows clean-clone migration and seed	Generate client and apply migrations	2026-08-10T17:06:06.2676144Z     └─ migration.sql
Windows clean-clone migration and seed	Generate client and apply migrations	2026-08-10T17:06:06.2676627Z   └─ 20260806063000_maneuver_v1_visibility/
Windows clean-clone migration and seed	Generate client and apply migrations	2026-08-10T17:06:06.2677119Z     └─ migration.sql
Windows clean-clone migration and seed	Generate client and apply migrations	2026-08-10T17:06:06.2677646Z   └─ 20260809020000_b0_role_control_reason_vocabulary/
Windows clean-clone migration and seed	Generate client and apply migrations	2026-08-10T17:06:06.2678187Z     └─ migration.sql
Windows clean-clone migration and seed	Generate client and apply migrations	2026-08-10T17:06:06.2678702Z   └─ 20260809030000_b0_runtime_database_vocabulary/
Windows clean-clone migration and seed	Generate client and apply migrations	2026-08-10T17:06:06.2679229Z     └─ migration.sql
Windows clean-clone migration and seed	Generate client and apply migrations	2026-08-10T17:06:06.2679537Z       
Windows clean-clone migration and seed	Generate client and apply migrations	2026-08-10T17:06:06.2679963Z All migrations have been successfully applied.
Windows clean-clone migration and seed	Run the documented seed command and record its exit code	﻿2026-08-10T17:06:06.4742565Z ##[group]Run $ErrorActionPreference = "Continue"
Windows clean-clone migration and seed	Run the documented seed command and record its exit code	2026-08-10T17:06:06.4743158Z ^[[36;1m$ErrorActionPreference = "Continue"^[[0m
Windows clean-clone migration and seed	Run the documented seed command and record its exit code	2026-08-10T17:06:06.4743660Z ^[[36;1mNew-Item -ItemType Directory -Force -Path .artifacts/user-test-seed-windows | Out-Null^[[0m
Windows clean-clone migration and seed	Run the documented seed command and record its exit code	2026-08-10T17:06:06.4744301Z ^[[36;1mpnpm db:seed *>&1 | Tee-Object -FilePath .artifacts/user-test-seed-windows/db-seed.log^[[0m
Windows clean-clone migration and seed	Run the documented seed command and record its exit code	2026-08-10T17:06:06.4744738Z ^[[36;1m$exitCode = $LASTEXITCODE^[[0m
Windows clean-clone migration and seed	Run the documented seed command and record its exit code	2026-08-10T17:06:06.4744964Z ^[[36;1m@{^[[0m
Windows clean-clone migration and seed	Run the documented seed command and record its exit code	2026-08-10T17:06:06.4745158Z ^[[36;1m  testedCodeSha = $env:GITHUB_SHA^[[0m
Windows clean-clone migration and seed	Run the documented seed command and record its exit code	2026-08-10T17:06:06.4745428Z ^[[36;1m  command = "pnpm db:seed"^[[0m
Windows clean-clone migration and seed	Run the documented seed command and record its exit code	2026-08-10T17:06:06.4745668Z ^[[36;1m  exitCode = $exitCode^[[0m
Windows clean-clone migration and seed	Run the documented seed command and record its exit code	2026-08-10T17:06:06.4746203Z ^[[36;1m  os = "windows-2025"^[[0m
Windows clean-clone migration and seed	Run the documented seed command and record its exit code	2026-08-10T17:06:06.4746443Z ^[[36;1m  node = (node --version)^[[0m
Windows clean-clone migration and seed	Run the documented seed command and record its exit code	2026-08-10T17:06:06.4746683Z ^[[36;1m  pnpm = (pnpm --version)^[[0m
Windows clean-clone migration and seed	Run the documented seed command and record its exit code	2026-08-10T17:06:06.4747164Z ^[[36;1m} | ConvertTo-Json | Set-Content -Path .artifacts/user-test-seed-windows/result.json -Encoding utf8NoBOM^[[0m
Windows clean-clone migration and seed	Run the documented seed command and record its exit code	2026-08-10T17:06:06.4748649Z ^[[36;1mif ($exitCode -ne 0) { throw "pnpm db:seed failed with exit code $exitCode" }^[[0m
Windows clean-clone migration and seed	Run the documented seed command and record its exit code	2026-08-10T17:06:06.4817663Z shell: C:\Program Files\PowerShell\7\pwsh.EXE -command ". '{0}'"
Windows clean-clone migration and seed	Run the documented seed command and record its exit code	2026-08-10T17:06:06.4818009Z env:
Windows clean-clone migration and seed	Run the documented seed command and record its exit code	2026-08-10T17:06:06.4818263Z   PNPM_HOME: C:\Users\runneradmin\setup-pnpm\node_modules\.bin
Windows clean-clone migration and seed	Run the documented seed command and record its exit code	2026-08-10T17:06:06.4818591Z ##[endgroup]
Windows clean-clone migration and seed	Run the documented seed command and record its exit code	2026-08-10T17:06:07.3086040Z 
Windows clean-clone migration and seed	Run the documented seed command and record its exit code	2026-08-10T17:06:07.3092262Z > ai-story-room@0.1.0 db:seed D:\a\aiStoryRoom\aiStoryRoom
Windows clean-clone migration and seed	Run the documented seed command and record its exit code	2026-08-10T17:06:07.3094956Z > node --env-file-if-exists=.env --import tsx prisma/seed.ts
Windows clean-clone migration and seed	Run the documented seed command and record its exit code	2026-08-10T17:06:07.3097817Z 
Windows clean-clone migration and seed	Run the documented seed command and record its exit code	2026-08-10T17:06:08.2690661Z 
Windows clean-clone migration and seed	Run the documented seed command and record its exit code	2026-08-10T17:06:08.2694639Z > @ai-story/shared@0.1.0 build D:\a\aiStoryRoom\aiStoryRoom\packages\shared
Windows clean-clone migration and seed	Run the documented seed command and record its exit code	2026-08-10T17:06:08.2697455Z > tsc -p tsconfig.build.json
Windows clean-clone migration and seed	Run the documented seed command and record its exit code	2026-08-10T17:06:08.2700149Z 
Windows clean-clone migration and seed	Read back seeded records	﻿2026-08-10T17:06:10.8931786Z ##[group]Run $ErrorActionPreference = "Stop"
Windows clean-clone migration and seed	Read back seeded records	2026-08-10T17:06:10.8932281Z ^[[36;1m$ErrorActionPreference = "Stop"^[[0m
Windows clean-clone migration and seed	Read back seeded records	2026-08-10T17:06:10.8932549Z ^[[36;1m@'^[[0m
Windows clean-clone migration and seed	Read back seeded records	2026-08-10T17:06:10.8932797Z ^[[36;1mimport { PrismaClient } from "@prisma/client";^[[0m
Windows clean-clone migration and seed	Read back seeded records	2026-08-10T17:06:10.8933135Z ^[[36;1mconst prisma = new PrismaClient();^[[0m
Windows clean-clone migration and seed	Read back seeded records	2026-08-10T17:06:10.8933402Z ^[[36;1mtry {^[[0m
Windows clean-clone migration and seed	Read back seeded records	2026-08-10T17:06:10.8933704Z ^[[36;1m  const [templateCount, userCount, runCount] = await Promise.all([^[[0m
Windows clean-clone migration and seed	Read back seeded records	2026-08-10T17:06:10.8934107Z ^[[36;1m    prisma.worldTemplate.count(),^[[0m
Windows clean-clone migration and seed	Read back seeded records	2026-08-10T17:06:10.8934492Z ^[[36;1m    prisma.user.count({ where: { openid: "mock_openid_owner_001" } }),^[[0m
Windows clean-clone migration and seed	Read back seeded records	2026-08-10T17:06:10.8934958Z ^[[36;1m    prisma.storyRun.count({ where: { inviteCode: "LOCAL1" } }),^[[0m
Windows clean-clone migration and seed	Read back seeded records	2026-08-10T17:06:10.8935512Z ^[[36;1m  ]);^[[0m
Windows clean-clone migration and seed	Read back seeded records	2026-08-10T17:06:10.8935774Z ^[[36;1m  const result = { templateCount, userCount, runCount };^[[0m
Windows clean-clone migration and seed	Read back seeded records	2026-08-10T17:06:10.8936306Z ^[[36;1m  console.log(JSON.stringify(result));^[[0m
Windows clean-clone migration and seed	Read back seeded records	2026-08-10T17:06:10.8936699Z ^[[36;1m  if (templateCount !== 5 || userCount !== 1 || runCount !== 1) {^[[0m
Windows clean-clone migration and seed	Read back seeded records	2026-08-10T17:06:10.8937150Z ^[[36;1m    throw new Error(`seed readback failed: ${JSON.stringify(result)}`);^[[0m
Windows clean-clone migration and seed	Read back seeded records	2026-08-10T17:06:10.8937500Z ^[[36;1m  }^[[0m
Windows clean-clone migration and seed	Read back seeded records	2026-08-10T17:06:10.8937671Z ^[[36;1m} finally {^[[0m
Windows clean-clone migration and seed	Read back seeded records	2026-08-10T17:06:10.8937877Z ^[[36;1m  await prisma.$disconnect();^[[0m
Windows clean-clone migration and seed	Read back seeded records	2026-08-10T17:06:10.8938107Z ^[[36;1m}^[[0m
Windows clean-clone migration and seed	Read back seeded records	2026-08-10T17:06:10.8938361Z ^[[36;1m'@ | node --env-file=.env --import tsx --input-type=module^[[0m
Windows clean-clone migration and seed	Read back seeded records	2026-08-10T17:06:10.9008710Z shell: C:\Program Files\PowerShell\7\pwsh.EXE -command ". '{0}'"
Windows clean-clone migration and seed	Read back seeded records	2026-08-10T17:06:10.9009062Z env:
Windows clean-clone migration and seed	Read back seeded records	2026-08-10T17:06:10.9009314Z   PNPM_HOME: C:\Users\runneradmin\setup-pnpm\node_modules\.bin
Windows clean-clone migration and seed	Read back seeded records	2026-08-10T17:06:10.9009635Z ##[endgroup]
Windows clean-clone migration and seed	Read back seeded records	2026-08-10T17:06:11.6028852Z {"templateCount":5,"userCount":1,"runCount":1}
Windows clean-clone migration and seed	Minimum regression and changed-file secret scan	﻿2026-08-10T17:06:11.7007489Z ##[group]Run $ErrorActionPreference = "Stop"
Windows clean-clone migration and seed	Minimum regression and changed-file secret scan	2026-08-10T17:06:11.7007957Z ^[[36;1m$ErrorActionPreference = "Stop"^[[0m
Windows clean-clone migration and seed	Minimum regression and changed-file secret scan	2026-08-10T17:06:11.7008636Z ^[[36;1mnode -e 'const p=require("./package.json"); if(p.scripts["db:seed"]!=="node --env-file-if-exists=.env --import tsx prisma/seed.ts") process.exit(1)'^[[0m
Windows clean-clone migration and seed	Minimum regression and changed-file secret scan	2026-08-10T17:06:11.7009275Z ^[[36;1m@'^[[0m
Windows clean-clone migration and seed	Minimum regression and changed-file secret scan	2026-08-10T17:06:11.7009456Z ^[[36;1mimport pathlib, re^[[0m
Windows clean-clone migration and seed	Minimum regression and changed-file secret scan	2026-08-10T17:06:11.7009678Z ^[[36;1mpaths = [^[[0m
Windows clean-clone migration and seed	Minimum regression and changed-file secret scan	2026-08-10T17:06:11.7009903Z ^[[36;1m    pathlib.Path("package.json"),^[[0m
Windows clean-clone migration and seed	Minimum regression and changed-file secret scan	2026-08-10T17:06:11.7010183Z ^[[36;1m    pathlib.Path("prisma/seed.ts"),^[[0m
Windows clean-clone migration and seed	Minimum regression and changed-file secret scan	2026-08-10T17:06:11.7010558Z ^[[36;1m    pathlib.Path(".github/workflows/b0-user-test-seed-windows.yml"),^[[0m
Windows clean-clone migration and seed	Minimum regression and changed-file secret scan	2026-08-10T17:06:11.7010912Z ^[[36;1m]^[[0m
Windows clean-clone migration and seed	Minimum regression and changed-file secret scan	2026-08-10T17:06:11.7011081Z ^[[36;1mpatterns = {^[[0m
Windows clean-clone migration and seed	Minimum regression and changed-file secret scan	2026-08-10T17:06:11.7011327Z ^[[36;1m    "api-key": re.compile(r"sk-[A-Za-z0-9_-]{16,}"),^[[0m
Windows clean-clone migration and seed	Minimum regression and changed-file secret scan	2026-08-10T17:06:11.7011731Z ^[[36;1m    "bearer": re.compile(r"Bearer\s+[A-Za-z0-9._~+/-]{16,}", re.I),^[[0m
Windows clean-clone migration and seed	Minimum regression and changed-file secret scan	2026-08-10T17:06:11.7012258Z ^[[36;1m    "jwt": re.compile(r"eyJ[A-Za-z0-9_-]{10,}\.[A-Za-z0-9_-]{10,}\.[A-Za-z0-9_-]{10,}"),^[[0m
Windows clean-clone migration and seed	Minimum regression and changed-file secret scan	2026-08-10T17:06:11.7012634Z ^[[36;1m}^[[0m
Windows clean-clone migration and seed	Minimum regression and changed-file secret scan	2026-08-10T17:06:11.7012996Z ^[[36;1mfindings = []^[[0m
Windows clean-clone migration and seed	Minimum regression and changed-file secret scan	2026-08-10T17:06:11.7013202Z ^[[36;1mfor path in paths:^[[0m
Windows clean-clone migration and seed	Minimum regression and changed-file secret scan	2026-08-10T17:06:11.7013451Z ^[[36;1m    text = path.read_text(encoding="utf-8")^[[0m
Windows clean-clone migration and seed	Minimum regression and changed-file secret scan	2026-08-10T17:06:11.7013761Z ^[[36;1m    for kind, pattern in patterns.items():^[[0m
Windows clean-clone migration and seed	Minimum regression and changed-file secret scan	2026-08-10T17:06:11.7014181Z ^[[36;1m        if pattern.search(text): findings.append({"path": str(path), "kind": kind})^[[0m
Windows clean-clone migration and seed	Minimum regression and changed-file secret scan	2026-08-10T17:06:11.7014616Z ^[[36;1mif findings: raise SystemExit(str(findings))^[[0m
Windows clean-clone migration and seed	Minimum regression and changed-file secret scan	2026-08-10T17:06:11.7014937Z ^[[36;1mprint("changed-file secret scan: PASS")^[[0m
Windows clean-clone migration and seed	Minimum regression and changed-file secret scan	2026-08-10T17:06:11.7015215Z ^[[36;1m'@ | python -^[[0m
Windows clean-clone migration and seed	Minimum regression and changed-file secret scan	2026-08-10T17:06:11.7084037Z shell: C:\Program Files\PowerShell\7\pwsh.EXE -command ". '{0}'"
Windows clean-clone migration and seed	Minimum regression and changed-file secret scan	2026-08-10T17:06:11.7084395Z env:
Windows clean-clone migration and seed	Minimum regression and changed-file secret scan	2026-08-10T17:06:11.7084653Z   PNPM_HOME: C:\Users\runneradmin\setup-pnpm\node_modules\.bin
Windows clean-clone migration and seed	Minimum regression and changed-file secret scan	2026-08-10T17:06:11.7084981Z ##[endgroup]
Windows clean-clone migration and seed	Minimum regression and changed-file secret scan	2026-08-10T17:06:12.9129012Z changed-file secret scan: PASS
Windows clean-clone migration and seed	Upload Windows seed proof	﻿2026-08-10T17:06:13.0061426Z Node 20 is being deprecated. This workflow is running with Node 24 by default. If you need to temporarily use Node 20, you can set the ACTIONS_ALLOW_USE_UNSECURE_NODE_VERSION=true environment variable. For more information see: https://github.blog/changelog/2025-09-19-deprecation-of-node-20-on-github-actions-runners/
Windows clean-clone migration and seed	Upload Windows seed proof	2026-08-10T17:06:13.0062825Z ##[group]Run actions/upload-artifact@v4
Windows clean-clone migration and seed	Upload Windows seed proof	2026-08-10T17:06:13.0063083Z with:
Windows clean-clone migration and seed	Upload Windows seed proof	2026-08-10T17:06:13.0063802Z   name: b0-user-test-seed-windows-cade9ffd2682b6e4f2476dd5d912389383a7b958
Windows clean-clone migration and seed	Upload Windows seed proof	2026-08-10T17:06:13.0064234Z   path: .artifacts/user-test-seed-windows
Windows clean-clone migration and seed	Upload Windows seed proof	2026-08-10T17:06:13.0064502Z   if-no-files-found: warn
Windows clean-clone migration and seed	Upload Windows seed proof	2026-08-10T17:06:13.0064722Z   retention-days: 14
Windows clean-clone migration and seed	Upload Windows seed proof	2026-08-10T17:06:13.0064919Z   compression-level: 6
Windows clean-clone migration and seed	Upload Windows seed proof	2026-08-10T17:06:13.0065118Z   overwrite: false
Windows clean-clone migration and seed	Upload Windows seed proof	2026-08-10T17:06:13.0065315Z   include-hidden-files: false
Windows clean-clone migration and seed	Upload Windows seed proof	2026-08-10T17:06:13.0065524Z env:
Windows clean-clone migration and seed	Upload Windows seed proof	2026-08-10T17:06:13.0065764Z   PNPM_HOME: C:\Users\runneradmin\setup-pnpm\node_modules\.bin
Windows clean-clone migration and seed	Upload Windows seed proof	2026-08-10T17:06:13.0066115Z ##[endgroup]
Windows clean-clone migration and seed	Upload Windows seed proof	2026-08-10T17:06:13.2024750Z (node:3616) [DEP0040] DeprecationWarning: The `punycode` module is deprecated. Please use a userland alternative instead.
Windows clean-clone migration and seed	Upload Windows seed proof	2026-08-10T17:06:13.2025977Z (Use `node --trace-deprecation ...` to show where the warning was created)
Windows clean-clone migration and seed	Upload Windows seed proof	2026-08-10T17:06:13.2103787Z With the provided path, there will be 2 files uploaded
Windows clean-clone migration and seed	Upload Windows seed proof	2026-08-10T17:06:13.2110308Z Artifact name is valid!
Windows clean-clone migration and seed	Upload Windows seed proof	2026-08-10T17:06:13.2112342Z Root directory input is valid!
Windows clean-clone migration and seed	Upload Windows seed proof	2026-08-10T17:06:13.5586932Z Beginning upload of artifact content to blob storage
Windows clean-clone migration and seed	Upload Windows seed proof	2026-08-10T17:06:13.5814531Z (node:3616) [DEP0169] DeprecationWarning: `url.parse()` behavior is not standardized and prone to errors that have security implications. Use the WHATWG URL API instead. CVEs are not issued for `url.parse()` vulnerabilities.
Windows clean-clone migration and seed	Upload Windows seed proof	2026-08-10T17:06:13.8764354Z Uploaded bytes 545
Windows clean-clone migration and seed	Upload Windows seed proof	2026-08-10T17:06:13.9574489Z Finished uploading artifact content to blob storage!
Windows clean-clone migration and seed	Upload Windows seed proof	2026-08-10T17:06:13.9576245Z SHA256 digest of uploaded artifact zip is 0ca1855a736007dae79c54f52dc6728d15a98dd631ba4096e90520ce6284fad5
Windows clean-clone migration and seed	Upload Windows seed proof	2026-08-10T17:06:13.9578334Z Finalizing artifact upload
Windows clean-clone migration and seed	Upload Windows seed proof	2026-08-10T17:06:14.1855477Z Artifact b0-user-test-seed-windows-cade9ffd2682b6e4f2476dd5d912389383a7b958.zip successfully finalized. Artifact ID 9072053183
Windows clean-clone migration and seed	Upload Windows seed proof	2026-08-10T17:06:14.1858138Z Artifact b0-user-test-seed-windows-cade9ffd2682b6e4f2476dd5d912389383a7b958 has been successfully uploaded! Final size is 545 bytes. Artifact ID is 9072053183
Windows clean-clone migration and seed	Upload Windows seed proof	2026-08-10T17:06:14.1872275Z Artifact download URL: https://github.com/forwardFish/aiStoryRoom/actions/runs/31412217017/artifacts/9072053183
Windows clean-clone migration and seed	Publish Windows seed outcome	﻿2026-08-10T17:06:14.2182954Z Node 20 is being deprecated. This workflow is running with Node 24 by default. If you need to temporarily use Node 20, you can set the ACTIONS_ALLOW_USE_UNSECURE_NODE_VERSION=true environment variable. For more information see: https://github.blog/changelog/2025-09-19-deprecation-of-node-20-on-github-actions-runners/
Windows clean-clone migration and seed	Publish Windows seed outcome	2026-08-10T17:06:14.2184340Z ##[group]Run actions/github-script@v7
Windows clean-clone migration and seed	Publish Windows seed outcome	2026-08-10T17:06:14.2184591Z with:
Windows clean-clone migration and seed	Publish Windows seed outcome	2026-08-10T17:06:14.2186779Z   script: const success = process.env.JOB_STATUS === "success";
Windows clean-clone migration and seed	Publish Windows seed outcome	await github.rest.repos.createCommitStatus({
Windows clean-clone migration and seed	Publish Windows seed outcome	  owner: context.repo.owner,
Windows clean-clone migration and seed	Publish Windows seed outcome	  repo: context.repo.repo,
Windows clean-clone migration and seed	Publish Windows seed outcome	  sha: context.sha,
Windows clean-clone migration and seed	Publish Windows seed outcome	  state: success ? "success" : "failure",
Windows clean-clone migration and seed	Publish Windows seed outcome	  context: "b0/windows-seed",
Windows clean-clone migration and seed	Publish Windows seed outcome	  description: success
Windows clean-clone migration and seed	Publish Windows seed outcome	    ? `Windows clean-clone seed passed in ${context.runId}`
Windows clean-clone migration and seed	Publish Windows seed outcome	    : `Windows clean-clone seed failed in ${context.runId}`,
Windows clean-clone migration and seed	Publish Windows seed outcome	  target_url: `${context.serverUrl}/${context.repo.owner}/${context.repo.repo}/actions/runs/${context.runId}`
Windows clean-clone migration and seed	Publish Windows seed outcome	});
Windows clean-clone migration and seed	Publish Windows seed outcome	if (!success) core.setFailed("Windows clean-clone migration/seed/readback failed");
Windows clean-clone migration and seed	Publish Windows seed outcome	
Windows clean-clone migration and seed	Publish Windows seed outcome	2026-08-10T17:06:14.2191146Z   github-token: ***
Windows clean-clone migration and seed	Publish Windows seed outcome	2026-08-10T17:06:14.2191355Z   debug: false
Windows clean-clone migration and seed	Publish Windows seed outcome	2026-08-10T17:06:14.2191554Z   user-agent: actions/github-script
Windows clean-clone migration and seed	Publish Windows seed outcome	2026-08-10T17:06:14.2191808Z   result-encoding: json
Windows clean-clone migration and seed	Publish Windows seed outcome	2026-08-10T17:06:14.2192004Z   retries: 0
Windows clean-clone migration and seed	Publish Windows seed outcome	2026-08-10T17:06:14.2192221Z   retry-exempt-status-codes: 400,401,403,404,422
Windows clean-clone migration and seed	Publish Windows seed outcome	2026-08-10T17:06:14.2192491Z env:
Windows clean-clone migration and seed	Publish Windows seed outcome	2026-08-10T17:06:14.2192738Z   PNPM_HOME: C:\Users\runneradmin\setup-pnpm\node_modules\.bin
Windows clean-clone migration and seed	Publish Windows seed outcome	2026-08-10T17:06:14.2193078Z   JOB_STATUS: success
Windows clean-clone migration and seed	Publish Windows seed outcome	2026-08-10T17:06:14.2193270Z ##[endgroup]
Windows clean-clone migration and seed	Post Run actions/setup-node@v4	﻿2026-08-10T17:06:15.3071785Z Node 20 is being deprecated. This workflow is running with Node 24 by default. If you need to temporarily use Node 20, you can set the ACTIONS_ALLOW_USE_UNSECURE_NODE_VERSION=true environment variable. For more information see: https://github.blog/changelog/2025-09-19-deprecation-of-node-20-on-github-actions-runners/
Windows clean-clone migration and seed	Post Run actions/setup-node@v4	2026-08-10T17:06:15.3073124Z Post job cleanup.
Windows clean-clone migration and seed	Post Run actions/setup-node@v4	2026-08-10T17:06:15.4554543Z (node:8876) [DEP0040] DeprecationWarning: The `punycode` module is deprecated. Please use a userland alternative instead.
Windows clean-clone migration and seed	Post Run actions/setup-node@v4	2026-08-10T17:06:15.4555684Z (Use `node --trace-deprecation ...` to show where the warning was created)
Windows clean-clone migration and seed	Post Run actions/setup-node@v4	2026-08-10T17:06:15.4559542Z Cache hit occurred on the primary key node-cache-Windows-x64-pnpm-97d8d0fc5ce2b453c0618d90d170df9ec73684b87ea6d2b5977e7a5a8d5ea2c4, not saving cache.
Windows clean-clone migration and seed	Post Run pnpm/action-setup@v4	﻿2026-08-10T17:06:15.4819502Z Node 20 is being deprecated. This workflow is running with Node 24 by default. If you need to temporarily use Node 20, you can set the ACTIONS_ALLOW_USE_UNSECURE_NODE_VERSION=true environment variable. For more information see: https://github.blog/changelog/2025-09-19-deprecation-of-node-20-on-github-actions-runners/
Windows clean-clone migration and seed	Post Run pnpm/action-setup@v4	2026-08-10T17:06:15.4821303Z Post job cleanup.
Windows clean-clone migration and seed	Post Run pnpm/action-setup@v4	2026-08-10T17:06:15.6835219Z Pruning is unnecessary.
Windows clean-clone migration and seed	Post Run actions/checkout@v4	﻿2026-08-10T17:06:15.7158153Z Node 20 is being deprecated. This workflow is running with Node 24 by default. If you need to temporarily use Node 20, you can set the ACTIONS_ALLOW_USE_UNSECURE_NODE_VERSION=true environment variable. For more information see: https://github.blog/changelog/2025-09-19-deprecation-of-node-20-on-github-actions-runners/
Windows clean-clone migration and seed	Post Run actions/checkout@v4	2026-08-10T17:06:15.7160049Z Post job cleanup.
Windows clean-clone migration and seed	Post Run actions/checkout@v4	2026-08-10T17:06:15.9119453Z [command]"C:\Program Files\Git\bin\git.exe" version
Windows clean-clone migration and seed	Post Run actions/checkout@v4	2026-08-10T17:06:15.9406774Z git version 2.55.0.windows.3
Windows clean-clone migration and seed	Post Run actions/checkout@v4	2026-08-10T17:06:15.9475523Z Temporarily overriding HOME='D:\a\_temp\7e000e2c-fb3c-4d9b-98ef-fcb67f0ec683' before making global git config changes
Windows clean-clone migration and seed	Post Run actions/checkout@v4	2026-08-10T17:06:15.9476649Z Adding repository directory to the temporary git global config as a safe directory
Windows clean-clone migration and seed	Post Run actions/checkout@v4	2026-08-10T17:06:15.9486869Z [command]"C:\Program Files\Git\bin\git.exe" config --global --add safe.directory D:\a\aiStoryRoom\aiStoryRoom
Windows clean-clone migration and seed	Post Run actions/checkout@v4	2026-08-10T17:06:15.9804756Z [command]"C:\Program Files\Git\bin\git.exe" config --local --name-only --get-regexp core\.sshCommand
Windows clean-clone migration and seed	Post Run actions/checkout@v4	2026-08-10T17:06:16.0124254Z [command]"C:\Program Files\Git\bin\git.exe" submodule foreach --recursive "sh -c \"git config --local --name-only --get-regexp 'core\.sshCommand' && git config --local --unset-all 'core.sshCommand' || :\""
Windows clean-clone migration and seed	Post Run actions/checkout@v4	2026-08-10T17:06:16.5699147Z [command]"C:\Program Files\Git\bin\git.exe" config --local --name-only --get-regexp http\.https\:\/\/github\.com\/\.extraheader
Windows clean-clone migration and seed	Post Run actions/checkout@v4	2026-08-10T17:06:16.5967665Z http.https://github.com/.extraheader
Windows clean-clone migration and seed	Post Run actions/checkout@v4	2026-08-10T17:06:16.6012347Z [command]"C:\Program Files\Git\bin\git.exe" config --local --unset-all http.https://github.com/.extraheader
Windows clean-clone migration and seed	Post Run actions/checkout@v4	2026-08-10T17:06:16.6321569Z [command]"C:\Program Files\Git\bin\git.exe" submodule foreach --recursive "sh -c \"git config --local --name-only --get-regexp 'http\.https\:\/\/github\.com\/\.extraheader' && git config --local --unset-all 'http.https://github.com/.extraheader' || :\""
Windows clean-clone migration and seed	Post Run actions/checkout@v4	2026-08-10T17:06:17.2251475Z [command]"C:\Program Files\Git\bin\git.exe" config --local --name-only --get-regexp ^includeIf\.gitdir:
Windows clean-clone migration and seed	Post Run actions/checkout@v4	2026-08-10T17:06:17.2576181Z [command]"C:\Program Files\Git\bin\git.exe" submodule foreach --recursive "git config --local --show-origin --name-only --get-regexp remote.origin.url"
Windows clean-clone migration and seed	Complete job	﻿2026-08-10T17:06:17.8829983Z Cleaning up orphan processes
Windows clean-clone migration and seed	Complete job	2026-08-10T17:06:17.9626200Z ##[warning]Node.js 20 is deprecated. The following actions target Node.js 20 but are being forced to run on Node.js 24: actions/checkout@v4, actions/github-script@v7, actions/setup-node@v4, actions/upload-artifact@v4, pnpm/action-setup@v4. For more information see: https://github.blog/changelog/2025-09-19-deprecation-of-node-20-on-github-actions-runners/
